#
# There is insufficient memory for the Java Runtime Environment to continue.
# Native memory allocation (malloc) failed to allocate 1510896 bytes. Error detail: Chunk::new
# Possible reasons:
#   The system is out of physical RAM or swap space
#   This process is running with CompressedOops enabled, and the Java Heap may be blocking the growth of the native heap
# Possible solutions:
#   Reduce memory load on the system
#   Increase physical memory or swap space
#   Check if swap backing store is full
#   Decrease Java heap size (-Xmx/-Xms)
#   Decrease number of Java threads
#   Decrease Java thread stack sizes (-Xss)
#   Set larger code cache with -XX:ReservedCodeCacheSize=
#   JVM is running with Unscaled Compressed Oops mode in which the Java heap is
#     placed in the first 4GB address space. The Java Heap base address is the
#     maximum limit for the native heap growth. Please use -XX:HeapBaseMinAddress
#     to set the Java Heap base and to place the Java Heap above 4GB virtual address.
# This output file may be truncated or incomplete.
#
#  Out of Memory Error (arena.cpp:168), pid=26580, tid=6900
#
# JRE version: OpenJDK Runtime Environment Temurin-21.0.11+10 (21.0.11+10) (build 21.0.11+10-LTS)
# Java VM: OpenJDK 64-Bit Server VM Temurin-21.0.11+10 (21.0.11+10-LTS, mixed mode, sharing, tiered, compressed oops, compressed class ptrs, parallel gc, windows-amd64)
# No core dump will be written. Minidumps are not enabled by default on client versions of Windows
#

---------------  S U M M A R Y ------------

Command Line: --add-modules=ALL-SYSTEM --add-opens=java.base/java.util=ALL-UNNAMED --add-opens=java.base/java.lang=ALL-UNNAMED --add-opens=java.base/sun.nio.fs=ALL-UNNAMED -Declipse.application=org.eclipse.jdt.ls.core.id1 -Dosgi.bundles.defaultStartLevel=4 -Declipse.product=org.eclipse.jdt.ls.core.product -Djava.import.generatesMetadataFilesAtProjectRoot=false -DDetectVMInstallationsJob.disabled=true -Dfile.encoding=utf8 -XX:+UseParallelGC -XX:GCTimeRatio=4 -XX:AdaptiveSizePolicyWeight=90 -Dsun.zip.disableMemoryMapping=true -Xmx2G -Xms100m -Xlog:disable -javaagent:c:\Users\Lenovo\.antigravity-ide\extensions\redhat.java-1.55.0-win32-x64\lombok\lombok-1.18.39-4050.jar -XX:+HeapDumpOnOutOfMemoryError -XX:HeapDumpPath=c:\Users\Lenovo\AppData\Roaming\Antigravity IDE\User\workspaceStorage\9a7a021437b039b343bf36ecf9a83c66\redhat.java -Daether.dependencyCollector.impl=bf c:\Users\Lenovo\.antigravity-ide\extensions\redhat.java-1.55.0-win32-x64\server\plugins\org.eclipse.equinox.launcher_1.7.200.v20260619-2039.jar -configuration c:\Users\Lenovo\AppData\Roaming\Antigravity IDE\User\globalStorage\redhat.java\1.55.0\config_win -data c:\Users\Lenovo\AppData\Roaming\Antigravity IDE\User\workspaceStorage\9a7a021437b039b343bf36ecf9a83c66\redhat.java\jdt_ws --pipe=\\.\pipe\lsp-bde91975d2d0c1dffc5dbd083716582b-sock

Host: AMD Ryzen 5 5600H with Radeon Graphics         , 12 cores, 5G,  Windows 11 , 64 bit Build 26100 (10.0.26100.8875)
Time: Tue Jul 28 23:39:50 2026 India Standard Time elapsed time: 40.204876 seconds (0d 0h 0m 40s)

---------------  T H R E A D  ---------------

Current thread (0x000001e0d512e550):  JavaThread "C2 CompilerThread0" daemon [_thread_in_native, id=6900, stack(0x0000003b18700000,0x0000003b18800000) (1024K)]


Current CompileTask:
C2:40205 3968       4       org.lombokweb.asm.ClassReader::readMethod (1070 bytes)

Stack: [0x0000003b18700000,0x0000003b18800000]
Native frames: (J=compiled Java code, j=interpreted, Vv=VM code, C=native code)
V  [jvm.dll+0x6d7e19]
V  [jvm.dll+0x8b5096]
V  [jvm.dll+0x8b764e]
V  [jvm.dll+0x8b7d33]
V  [jvm.dll+0x284596]
V  [jvm.dll+0xc685d]
V  [jvm.dll+0xc6da1]
V  [jvm.dll+0x3bed31]
V  [jvm.dll+0x1e3f42]
V  [jvm.dll+0x24c853]
V  [jvm.dll+0x24bce0]
V  [jvm.dll+0x1cb4ae]
V  [jvm.dll+0x25baad]
V  [jvm.dll+0x25a03a]
V  [jvm.dll+0x3f868e]
V  [jvm.dll+0x85fb0d]
V  [jvm.dll+0x6d664d]
C  [ucrtbase.dll+0x2cd30]
C  [KERNEL32.DLL+0x2e957]
C  [ntdll.dll+0xaad6c]


---------------  P R O C E S S  ---------------

Threads class SMR info:
_java_thread_list=0x000001e0f2e94030, length=24, elements={
0x000001e0d506f250, 0x000001e0d51193e0, 0x000001e0ebb1e8e0, 0x000001e0d511d950,
0x000001e0d511e460, 0x000001e0d5120420, 0x000001e0d512b7f0, 0x000001e0d512e550,
0x000001e0eceafb30, 0x000001e0ed0c65c0, 0x000001e0ed202fc0, 0x000001e0f24f7730,
0x000001e0f2510d00, 0x000001e0ed1c3830, 0x000001e0f20db760, 0x000001e0f294fe60,
0x000001e0f297cbf0, 0x000001e0f21322a0, 0x000001e0f2dc0420, 0x000001e0f2dbf700,
0x000001e0f2dc17d0, 0x000001e0f2dc1e60, 0x000001e0f2dc0ab0, 0x000001e0f2dc24f0
}

Java Threads: ( => current thread )
  0x000001e0d506f250 JavaThread "main"                              [_thread_blocked, id=20932, stack(0x0000003b17d00000,0x0000003b17e00000) (1024K)]
  0x000001e0d51193e0 JavaThread "Reference Handler"          daemon [_thread_blocked, id=26044, stack(0x0000003b18100000,0x0000003b18200000) (1024K)]
  0x000001e0ebb1e8e0 JavaThread "Finalizer"                  daemon [_thread_blocked, id=7600, stack(0x0000003b18200000,0x0000003b18300000) (1024K)]
  0x000001e0d511d950 JavaThread "Signal Dispatcher"          daemon [_thread_blocked, id=25252, stack(0x0000003b18300000,0x0000003b18400000) (1024K)]
  0x000001e0d511e460 JavaThread "Attach Listener"            daemon [_thread_blocked, id=26040, stack(0x0000003b18400000,0x0000003b18500000) (1024K)]
  0x000001e0d5120420 JavaThread "Service Thread"             daemon [_thread_blocked, id=26368, stack(0x0000003b18500000,0x0000003b18600000) (1024K)]
  0x000001e0d512b7f0 JavaThread "Monitor Deflation Thread"   daemon [_thread_blocked, id=28564, stack(0x0000003b18600000,0x0000003b18700000) (1024K)]
=>0x000001e0d512e550 JavaThread "C2 CompilerThread0"         daemon [_thread_in_native, id=6900, stack(0x0000003b18700000,0x0000003b18800000) (1024K)]
  0x000001e0eceafb30 JavaThread "C1 CompilerThread0"         daemon [_thread_in_native, id=22944, stack(0x0000003b18800000,0x0000003b18900000) (1024K)]
  0x000001e0ed0c65c0 JavaThread "Common-Cleaner"             daemon [_thread_blocked, id=21740, stack(0x0000003b18900000,0x0000003b18a00000) (1024K)]
  0x000001e0ed202fc0 JavaThread "Notification Thread"        daemon [_thread_blocked, id=26076, stack(0x0000003b18a00000,0x0000003b18b00000) (1024K)]
  0x000001e0f24f7730 JavaThread "Active Thread: Equinox Container: 56bfd820-9a7a-412c-a8f1-bbdf03b7fc09"        [_thread_blocked, id=28396, stack(0x0000003b19100000,0x0000003b19200000) (1024K)]
  0x000001e0f2510d00 JavaThread "Refresh Thread: Equinox Container: 56bfd820-9a7a-412c-a8f1-bbdf03b7fc09" daemon [_thread_blocked, id=22004, stack(0x0000003b19300000,0x0000003b19400000) (1024K)]
  0x000001e0ed1c3830 JavaThread "Framework Event Dispatcher: Equinox Container: 56bfd820-9a7a-412c-a8f1-bbdf03b7fc09" daemon [_thread_blocked, id=19452, stack(0x0000003b19400000,0x0000003b19500000) (1024K)]
  0x000001e0f20db760 JavaThread "Start Level: Equinox Container: 56bfd820-9a7a-412c-a8f1-bbdf03b7fc09" daemon [_thread_in_vm, id=27748, stack(0x0000003b19500000,0x0000003b19600000) (1024K)]
  0x000001e0f294fe60 JavaThread "Bundle File Closer"         daemon [_thread_blocked, id=27640, stack(0x0000003b19800000,0x0000003b19900000) (1024K)]
  0x000001e0f297cbf0 JavaThread "SCR Component Actor"        daemon [_thread_blocked, id=13668, stack(0x0000003b19900000,0x0000003b19a00000) (1024K)]
  0x000001e0f21322a0 JavaThread "Worker-JM"                         [_thread_blocked, id=25428, stack(0x0000003b19a00000,0x0000003b19b00000) (1024K)]
  0x000001e0f2dc0420 JavaThread "JNA Cleaner"                daemon [_thread_blocked, id=26256, stack(0x0000003b17a00000,0x0000003b17b00000) (1024K)]
  0x000001e0f2dbf700 JavaThread "Worker-0: Updating Maven Dependencies"        [_thread_in_native, id=23744, stack(0x0000003b19b00000,0x0000003b19c00000) (1024K)]
  0x000001e0f2dc17d0 JavaThread "Worker-1: Repository registry initialization"        [_thread_blocked, id=9488, stack(0x0000003b19c00000,0x0000003b19d00000) (1024K)]
  0x000001e0f2dc1e60 JavaThread "Worker-2"                          [_thread_blocked, id=18264, stack(0x0000003b19d00000,0x0000003b19e00000) (1024K)]
  0x000001e0f2dc0ab0 JavaThread "Java indexing"              daemon [_thread_blocked, id=26472, stack(0x0000003b19e00000,0x0000003b19f00000) (1024K)]
  0x000001e0f2dc24f0 JavaThread "Worker-3"                          [_thread_blocked, id=228, stack(0x0000003b19f00000,0x0000003b1a000000) (1024K)]
Total: 24

Other Threads:
  0x000001e0d5114c00 VMThread "VM Thread"                           [id=21548, stack(0x0000003b18000000,0x0000003b18100000) (1024K)]
  0x000001e0d50deb80 WatcherThread "VM Periodic Task Thread"        [id=19524, stack(0x0000003b17f00000,0x0000003b18000000) (1024K)]
  0x000001e0d508db90 WorkerThread "GC Thread#0"                     [id=27652, stack(0x0000003b17e00000,0x0000003b17f00000) (1024K)]
  0x000001e0f20b2ff0 WorkerThread "GC Thread#1"                     [id=27424, stack(0x0000003b18b00000,0x0000003b18c00000) (1024K)]
  0x000001e0f215a660 WorkerThread "GC Thread#2"                     [id=7972, stack(0x0000003b18c00000,0x0000003b18d00000) (1024K)]
  0x000001e0f215aa10 WorkerThread "GC Thread#3"                     [id=9936, stack(0x0000003b18d00000,0x0000003b18e00000) (1024K)]
  0x000001e0f20f2800 WorkerThread "GC Thread#4"                     [id=11500, stack(0x0000003b18e00000,0x0000003b18f00000) (1024K)]
  0x000001e0f233fe60 WorkerThread "GC Thread#5"                     [id=19688, stack(0x0000003b18f00000,0x0000003b19000000) (1024K)]
  0x000001e0f2340d20 WorkerThread "GC Thread#6"                     [id=28116, stack(0x0000003b19000000,0x0000003b19100000) (1024K)]
  0x000001e0f2340210 WorkerThread "GC Thread#7"                     [id=21264, stack(0x0000003b19200000,0x0000003b19300000) (1024K)]
  0x000001e0f233f700 WorkerThread "GC Thread#8"                     [id=27572, stack(0x0000003b19600000,0x0000003b19700000) (1024K)]
  0x000001e0f23405c0 WorkerThread "GC Thread#9"                     [id=14144, stack(0x0000003b19700000,0x0000003b19800000) (1024K)]
Total: 12

Threads with active compile tasks:
C2 CompilerThread0  40238 3968       4       org.lombokweb.asm.ClassReader::readMethod (1070 bytes)
C1 CompilerThread0  40238 4241       3       java.nio.CharBuffer::<init> (24 bytes)
Total: 2

VM state: not at safepoint (normal execution)

VM Mutex/Monitor currently owned by a thread:  ([mutex/lock_event])
[0x00007fffd10be070] MethodCompileQueue_lock - owner thread: 0x0000000000000000

Heap address: 0x0000000080000000, size: 2048 MB, Compressed Oops mode: 32-bit

CDS archive(s) mapped at: [0x000001e080000000-0x000001e080ba0000-0x000001e080ba0000), size 12189696, SharedBaseAddress: 0x000001e080000000, ArchiveRelocationMode: 1.
Compressed class space mapped at: 0x000001e081000000-0x000001e0c1000000, reserved size: 1073741824
Narrow klass base: 0x000001e080000000, Narrow klass shift: 0, Narrow klass range: 0x100000000

GC Precious Log:
 CardTable entry size: 512
 CPUs: 12 total, 12 available
 Memory: 5996M
 Large Page Support: Disabled
 NUMA Support: Disabled
 Compressed Oops: Enabled (32-bit)
 Alignments: Space 512K, Generation 512K, Heap 2M
 Heap Min Capacity: 100M
 Heap Initial Capacity: 100M
 Heap Max Capacity: 2G
 Pre-touch: Disabled
 Parallel Workers: 10

Heap:
 PSYoungGen      total 26112K, used 1989K [0x00000000d5580000, 0x00000000d7200000, 0x0000000100000000)
  eden space 22528K, 2% used [0x00000000d5580000,0x00000000d561ba58,0x00000000d6b80000)
  from space 3584K, 38% used [0x00000000d6c00000,0x00000000d6d55d10,0x00000000d6f80000)
  to   space 2048K, 0% used [0x00000000d7000000,0x00000000d7000000,0x00000000d7200000)
 ParOldGen       total 68608K, used 16239K [0x0000000080000000, 0x0000000084300000, 0x00000000d5580000)
  object space 68608K, 23% used [0x0000000080000000,0x0000000080fdbea0,0x0000000084300000)
 Metaspace       used 31247K, committed 32256K, reserved 1114112K
  class space    used 3182K, committed 3584K, reserved 1048576K

Card table byte_map: [0x000001e0d4a30000,0x000001e0d4e40000] _byte_map_base: 0x000001e0d4630000

Marking Bits: (ParMarkBitMap*) 0x00007fffd10c4460
 Begin Bits: [0x000001e0e7520000, 0x000001e0e9520000)
 End Bits:   [0x000001e0e9520000, 0x000001e0eb520000)

Polling page: 0x000001e0d3160000

Metaspace:

Usage:
  Non-class:     27.41 MB used.
      Class:      3.11 MB used.
       Both:     30.51 MB used.

Virtual space:
  Non-class space:       64.00 MB reserved,      28.00 MB ( 44%) committed,  1 nodes.
      Class space:        1.00 GB reserved,       3.50 MB ( <1%) committed,  1 nodes.
             Both:        1.06 GB reserved,      31.50 MB (  3%) committed. 

Chunk freelists:
   Non-Class:  3.92 MB
       Class:  12.51 MB
        Both:  16.43 MB

MaxMetaspaceSize: unlimited
CompressedClassSpaceSize: 1.00 GB
Initial GC threshold: 21.00 MB
Current GC threshold: 35.00 MB
CDS: on
 - commit_granule_bytes: 65536.
 - commit_granule_words: 8192.
 - virtual_space_node_default_size: 8388608.
 - enlarge_chunks_in_place: 1.
 - use_allocation_guard: 0.


Internal statistics:

num_allocs_failed_limit: 3.
num_arena_births: 720.
num_arena_deaths: 14.
num_vsnodes_births: 2.
num_vsnodes_deaths: 0.
num_space_committed: 504.
num_space_uncommitted: 0.
num_chunks_returned_to_freelist: 17.
num_chunks_taken_from_freelist: 2036.
num_chunk_merges: 9.
num_chunk_splits: 1282.
num_chunks_enlarged: 783.
num_inconsistent_stats: 0.

CodeHeap 'non-profiled nmethods': size=120000Kb used=1680Kb max_used=1680Kb free=118319Kb
 bounds [0x000001e0dfd40000, 0x000001e0dffb0000, 0x000001e0e7270000]
CodeHeap 'profiled nmethods': size=120000Kb used=8713Kb max_used=8713Kb free=111286Kb
 bounds [0x000001e0d8270000, 0x000001e0d8b00000, 0x000001e0df7a0000]
CodeHeap 'non-nmethods': size=5760Kb used=1346Kb max_used=1346Kb free=4414Kb
 bounds [0x000001e0df7a0000, 0x000001e0dfa10000, 0x000001e0dfd40000]
CodeCache: size=245760Kb, used=11739Kb, max_used=11739Kb, free=234019Kb
 total_blobs=4852, nmethods=4215, adapters=543, full_count=0
Compilation: enabled, stopped_count=0, restarted_count=0

Compilation events (20 events):
Event: 39.183 Thread 0x000001e0eceafb30 4166       2       com.google.common.collect.AbstractIndexedListIterator::hasNext (17 bytes)
Event: 39.183 Thread 0x000001e0eceafb30 nmethod 4166 0x000001e0d8ab1190 code [0x000001e0d8ab1320, 0x000001e0d8ab1440]
Event: 39.183 Thread 0x000001e0eceafb30 4167       2       org.eclipse.core.internal.registry.Handle::<init> (15 bytes)
Event: 39.183 Thread 0x000001e0eceafb30 nmethod 4167 0x000001e0d8ab1510 code [0x000001e0d8ab16a0, 0x000001e0d8ab17c8]
Event: 39.187 Thread 0x000001e0eceafb30 4168       2       java.lang.reflect.ProxyGenerator::dotToSlash (9 bytes)
Event: 39.187 Thread 0x000001e0eceafb30 nmethod 4168 0x000001e0d8ab1890 code [0x000001e0d8ab1a40, 0x000001e0d8ab1b58]
Event: 39.188 Thread 0x000001e0eceafb30 4170       1       java.lang.reflect.Method::getSharedExceptionTypes (5 bytes)
Event: 39.189 Thread 0x000001e0eceafb30 nmethod 4170 0x000001e0dfee3690 code [0x000001e0dfee3820, 0x000001e0dfee38e8]
Event: 39.189 Thread 0x000001e0eceafb30 4171       2       java.util.HashMap::keysToArray (81 bytes)
Event: 39.189 Thread 0x000001e0eceafb30 nmethod 4171 0x000001e0d8ab1c10 code [0x000001e0d8ab1dc0, 0x000001e0d8ab2090]
Event: 39.193 Thread 0x000001e0eceafb30 4172       2       java.lang.invoke.LambdaForm$MH/0x000001e081014c00::invoke (35 bytes)
Event: 39.193 Thread 0x000001e0eceafb30 nmethod 4172 0x000001e0d8ab2290 code [0x000001e0d8ab2460, 0x000001e0d8ab2668]
Event: 39.194 Thread 0x000001e0eceafb30 4173       2       java.nio.HeapByteBuffer::getShort (29 bytes)
Event: 39.195 Thread 0x000001e0eceafb30 nmethod 4173 0x000001e0d8ab2810 code [0x000001e0d8ab2a20, 0x000001e0d8ab2df0]
Event: 39.195 Thread 0x000001e0eceafb30 4174   !   2       jdk.internal.misc.ScopedMemoryAccess::getShortUnaligned (18 bytes)
Event: 39.195 Thread 0x000001e0eceafb30 nmethod 4174 0x000001e0d8ab3090 code [0x000001e0d8ab3260, 0x000001e0d8ab3498]
Event: 39.195 Thread 0x000001e0eceafb30 4175       1       jdk.internal.loader.AbstractClassLoaderValue$Sub::parent (5 bytes)
Event: 39.195 Thread 0x000001e0eceafb30 nmethod 4175 0x000001e0dfee3990 code [0x000001e0dfee3b20, 0x000001e0dfee3be8]
Event: 39.197 Thread 0x000001e0eceafb30 4176       1       java.lang.StackTraceElement::getClassName (5 bytes)
Event: 39.197 Thread 0x000001e0eceafb30 nmethod 4176 0x000001e0dfee3c90 code [0x000001e0dfee3e20, 0x000001e0dfee3ee8]

GC Heap History (20 events):
Event: 11.859 GC heap before
{Heap before GC invocations=2 (full 0):
 PSYoungGen      total 29696K, used 28928K [0x00000000d5580000, 0x00000000d7680000, 0x0000000100000000)
  eden space 25600K, 100% used [0x00000000d5580000,0x00000000d6e80000,0x00000000d6e80000)
  from space 4096K, 81% used [0x00000000d6e80000,0x00000000d71c0158,0x00000000d7280000)
  to   space 4096K, 0% used [0x00000000d7280000,0x00000000d7280000,0x00000000d7680000)
 ParOldGen       total 68608K, used 16K [0x0000000080000000, 0x0000000084300000, 0x00000000d5580000)
  object space 68608K, 0% used [0x0000000080000000,0x0000000080004000,0x0000000084300000)
 Metaspace       used 8000K, committed 8256K, reserved 1114112K
  class space    used 834K, committed 960K, reserved 1048576K
}
Event: 11.866 GC heap after
{Heap after GC invocations=2 (full 0):
 PSYoungGen      total 29696K, used 4093K [0x00000000d5580000, 0x00000000d7680000, 0x0000000100000000)
  eden space 25600K, 0% used [0x00000000d5580000,0x00000000d5580000,0x00000000d6e80000)
  from space 4096K, 99% used [0x00000000d7280000,0x00000000d767f550,0x00000000d7680000)
  to   space 4096K, 0% used [0x00000000d6e80000,0x00000000d6e80000,0x00000000d7280000)
 ParOldGen       total 68608K, used 1921K [0x0000000080000000, 0x0000000084300000, 0x00000000d5580000)
  object space 68608K, 2% used [0x0000000080000000,0x00000000801e05d0,0x0000000084300000)
 Metaspace       used 8000K, committed 8256K, reserved 1114112K
  class space    used 834K, committed 960K, reserved 1048576K
}
Event: 16.903 GC heap before
{Heap before GC invocations=3 (full 0):
 PSYoungGen      total 29696K, used 29643K [0x00000000d5580000, 0x00000000d7680000, 0x0000000100000000)
  eden space 25600K, 99% used [0x00000000d5580000,0x00000000d6e738d0,0x00000000d6e80000)
  from space 4096K, 99% used [0x00000000d7280000,0x00000000d767f550,0x00000000d7680000)
  to   space 4096K, 0% used [0x00000000d6e80000,0x00000000d6e80000,0x00000000d7280000)
 ParOldGen       total 68608K, used 1921K [0x0000000080000000, 0x0000000084300000, 0x00000000d5580000)
  object space 68608K, 2% used [0x0000000080000000,0x00000000801e05d0,0x0000000084300000)
 Metaspace       used 9429K, committed 9728K, reserved 1114112K
  class space    used 1008K, committed 1152K, reserved 1048576K
}
Event: 16.908 GC heap after
{Heap after GC invocations=3 (full 0):
 PSYoungGen      total 29696K, used 4087K [0x00000000d5580000, 0x00000000d7680000, 0x0000000100000000)
  eden space 25600K, 0% used [0x00000000d5580000,0x00000000d5580000,0x00000000d6e80000)
  from space 4096K, 99% used [0x00000000d6e80000,0x00000000d727dcd8,0x00000000d7280000)
  to   space 4096K, 0% used [0x00000000d7280000,0x00000000d7280000,0x00000000d7680000)
 ParOldGen       total 68608K, used 5003K [0x0000000080000000, 0x0000000084300000, 0x00000000d5580000)
  object space 68608K, 7% used [0x0000000080000000,0x00000000804e2e68,0x0000000084300000)
 Metaspace       used 9429K, committed 9728K, reserved 1114112K
  class space    used 1008K, committed 1152K, reserved 1048576K
}
Event: 26.935 GC heap before
{Heap before GC invocations=4 (full 0):
 PSYoungGen      total 29696K, used 29687K [0x00000000d5580000, 0x00000000d7680000, 0x0000000100000000)
  eden space 25600K, 100% used [0x00000000d5580000,0x00000000d6e80000,0x00000000d6e80000)
  from space 4096K, 99% used [0x00000000d6e80000,0x00000000d727dcd8,0x00000000d7280000)
  to   space 4096K, 0% used [0x00000000d7280000,0x00000000d7280000,0x00000000d7680000)
 ParOldGen       total 68608K, used 5003K [0x0000000080000000, 0x0000000084300000, 0x00000000d5580000)
  object space 68608K, 7% used [0x0000000080000000,0x00000000804e2e68,0x0000000084300000)
 Metaspace       used 11683K, committed 12032K, reserved 1114112K
  class space    used 1244K, committed 1408K, reserved 1048576K
}
Event: 26.940 GC heap after
{Heap after GC invocations=4 (full 0):
 PSYoungGen      total 29696K, used 4095K [0x00000000d5580000, 0x00000000d7680000, 0x0000000100000000)
  eden space 25600K, 0% used [0x00000000d5580000,0x00000000d5580000,0x00000000d6e80000)
  from space 4096K, 99% used [0x00000000d7280000,0x00000000d767fe78,0x00000000d7680000)
  to   space 4096K, 0% used [0x00000000d6e80000,0x00000000d6e80000,0x00000000d7280000)
 ParOldGen       total 68608K, used 6588K [0x0000000080000000, 0x0000000084300000, 0x00000000d5580000)
  object space 68608K, 9% used [0x0000000080000000,0x000000008066f190,0x0000000084300000)
 Metaspace       used 11683K, committed 12032K, reserved 1114112K
  class space    used 1244K, committed 1408K, reserved 1048576K
}
Event: 30.489 GC heap before
{Heap before GC invocations=5 (full 0):
 PSYoungGen      total 29696K, used 29695K [0x00000000d5580000, 0x00000000d7680000, 0x0000000100000000)
  eden space 25600K, 100% used [0x00000000d5580000,0x00000000d6e80000,0x00000000d6e80000)
  from space 4096K, 99% used [0x00000000d7280000,0x00000000d767fe78,0x00000000d7680000)
  to   space 4096K, 0% used [0x00000000d6e80000,0x00000000d6e80000,0x00000000d7280000)
 ParOldGen       total 68608K, used 6588K [0x0000000080000000, 0x0000000084300000, 0x00000000d5580000)
  object space 68608K, 9% used [0x0000000080000000,0x000000008066f190,0x0000000084300000)
 Metaspace       used 15523K, committed 16064K, reserved 1114112K
  class space    used 1601K, committed 1856K, reserved 1048576K
}
Event: 30.493 GC heap after
{Heap after GC invocations=5 (full 0):
 PSYoungGen      total 29184K, used 4080K [0x00000000d5580000, 0x00000000d7a00000, 0x0000000100000000)
  eden space 25088K, 0% used [0x00000000d5580000,0x00000000d5580000,0x00000000d6e00000)
  from space 4096K, 99% used [0x00000000d6e80000,0x00000000d727c010,0x00000000d7280000)
  to   space 6144K, 0% used [0x00000000d7400000,0x00000000d7400000,0x00000000d7a00000)
 ParOldGen       total 68608K, used 8505K [0x0000000080000000, 0x0000000084300000, 0x00000000d5580000)
  object space 68608K, 12% used [0x0000000080000000,0x000000008084e678,0x0000000084300000)
 Metaspace       used 15523K, committed 16064K, reserved 1114112K
  class space    used 1601K, committed 1856K, reserved 1048576K
}
Event: 37.018 GC heap before
{Heap before GC invocations=6 (full 0):
 PSYoungGen      total 29184K, used 29168K [0x00000000d5580000, 0x00000000d7a00000, 0x0000000100000000)
  eden space 25088K, 100% used [0x00000000d5580000,0x00000000d6e00000,0x00000000d6e00000)
  from space 4096K, 99% used [0x00000000d6e80000,0x00000000d727c010,0x00000000d7280000)
  to   space 6144K, 0% used [0x00000000d7400000,0x00000000d7400000,0x00000000d7a00000)
 ParOldGen       total 68608K, used 8505K [0x0000000080000000, 0x0000000084300000, 0x00000000d5580000)
  object space 68608K, 12% used [0x0000000080000000,0x000000008084e678,0x0000000084300000)
 Metaspace       used 18589K, committed 19264K, reserved 1114112K
  class space    used 1957K, committed 2240K, reserved 1048576K
}
Event: 37.026 GC heap after
{Heap after GC invocations=6 (full 0):
 PSYoungGen      total 29696K, used 5005K [0x00000000d5580000, 0x00000000d7900000, 0x0000000100000000)
  eden space 24576K, 0% used [0x00000000d5580000,0x00000000d5580000,0x00000000d6d80000)
  from space 5120K, 97% used [0x00000000d7400000,0x00000000d78e3528,0x00000000d7900000)
  to   space 5632K, 0% used [0x00000000d6e00000,0x00000000d6e00000,0x00000000d7380000)
 ParOldGen       total 68608K, used 8513K [0x0000000080000000, 0x0000000084300000, 0x00000000d5580000)
  object space 68608K, 12% used [0x0000000080000000,0x0000000080850678,0x0000000084300000)
 Metaspace       used 18589K, committed 19264K, reserved 1114112K
  class space    used 1957K, committed 2240K, reserved 1048576K
}
Event: 37.493 GC heap before
{Heap before GC invocations=7 (full 0):
 PSYoungGen      total 29696K, used 24226K [0x00000000d5580000, 0x00000000d7900000, 0x0000000100000000)
  eden space 24576K, 78% used [0x00000000d5580000,0x00000000d68455d0,0x00000000d6d80000)
  from space 5120K, 97% used [0x00000000d7400000,0x00000000d78e3528,0x00000000d7900000)
  to   space 5632K, 0% used [0x00000000d6e00000,0x00000000d6e00000,0x00000000d7380000)
 ParOldGen       total 68608K, used 8513K [0x0000000080000000, 0x0000000084300000, 0x00000000d5580000)
  object space 68608K, 12% used [0x0000000080000000,0x0000000080850678,0x0000000084300000)
 Metaspace       used 20725K, committed 21504K, reserved 1114112K
  class space    used 2195K, committed 2496K, reserved 1048576K
}
Event: 37.498 GC heap after
{Heap after GC invocations=7 (full 0):
 PSYoungGen      total 29184K, used 4330K [0x00000000d5580000, 0x00000000d7780000, 0x0000000100000000)
  eden space 24576K, 0% used [0x00000000d5580000,0x00000000d5580000,0x00000000d6d80000)
  from space 4608K, 93% used [0x00000000d6e00000,0x00000000d723abf8,0x00000000d7280000)
  to   space 5120K, 0% used [0x00000000d7280000,0x00000000d7280000,0x00000000d7780000)
 ParOldGen       total 68608K, used 9850K [0x0000000080000000, 0x0000000084300000, 0x00000000d5580000)
  object space 68608K, 14% used [0x0000000080000000,0x000000008099eb48,0x0000000084300000)
 Metaspace       used 20725K, committed 21504K, reserved 1114112K
  class space    used 2195K, committed 2496K, reserved 1048576K
}
Event: 37.498 GC heap before
{Heap before GC invocations=8 (full 1):
 PSYoungGen      total 29184K, used 4330K [0x00000000d5580000, 0x00000000d7780000, 0x0000000100000000)
  eden space 24576K, 0% used [0x00000000d5580000,0x00000000d5580000,0x00000000d6d80000)
  from space 4608K, 93% used [0x00000000d6e00000,0x00000000d723abf8,0x00000000d7280000)
  to   space 5120K, 0% used [0x00000000d7280000,0x00000000d7280000,0x00000000d7780000)
 ParOldGen       total 68608K, used 9850K [0x0000000080000000, 0x0000000084300000, 0x00000000d5580000)
  object space 68608K, 14% used [0x0000000080000000,0x000000008099eb48,0x0000000084300000)
 Metaspace       used 20725K, committed 21504K, reserved 1114112K
  class space    used 2195K, committed 2496K, reserved 1048576K
}
Event: 37.540 GC heap after
{Heap after GC invocations=8 (full 1):
 PSYoungGen      total 29184K, used 0K [0x00000000d5580000, 0x00000000d7780000, 0x0000000100000000)
  eden space 24576K, 0% used [0x00000000d5580000,0x00000000d5580000,0x00000000d6d80000)
  from space 4608K, 0% used [0x00000000d6e00000,0x00000000d6e00000,0x00000000d7280000)
  to   space 5120K, 0% used [0x00000000d7280000,0x00000000d7280000,0x00000000d7780000)
 ParOldGen       total 68608K, used 13460K [0x0000000080000000, 0x0000000084300000, 0x00000000d5580000)
  object space 68608K, 19% used [0x0000000080000000,0x0000000080d250e8,0x0000000084300000)
 Metaspace       used 20712K, committed 21504K, reserved 1114112K
  class space    used 2192K, committed 2496K, reserved 1048576K
}
Event: 37.776 GC heap before
{Heap before GC invocations=9 (full 1):
 PSYoungGen      total 29184K, used 24576K [0x00000000d5580000, 0x00000000d7780000, 0x0000000100000000)
  eden space 24576K, 100% used [0x00000000d5580000,0x00000000d6d80000,0x00000000d6d80000)
  from space 4608K, 0% used [0x00000000d6e00000,0x00000000d6e00000,0x00000000d7280000)
  to   space 5120K, 0% used [0x00000000d7280000,0x00000000d7280000,0x00000000d7780000)
 ParOldGen       total 68608K, used 13460K [0x0000000080000000, 0x0000000084300000, 0x00000000d5580000)
  object space 68608K, 19% used [0x0000000080000000,0x0000000080d250e8,0x0000000084300000)
 Metaspace       used 23106K, committed 24000K, reserved 1114112K
  class space    used 2365K, committed 2752K, reserved 1048576K
}
Event: 37.777 GC heap after
{Heap after GC invocations=9 (full 1):
 PSYoungGen      total 25088K, used 743K [0x00000000d5580000, 0x00000000d7380000, 0x0000000100000000)
  eden space 24064K, 0% used [0x00000000d5580000,0x00000000d5580000,0x00000000d6d00000)
  from space 1024K, 72% used [0x00000000d7280000,0x00000000d7339c50,0x00000000d7380000)
  to   space 2560K, 0% used [0x00000000d6e80000,0x00000000d6e80000,0x00000000d7100000)
 ParOldGen       total 68608K, used 13460K [0x0000000080000000, 0x0000000084300000, 0x00000000d5580000)
  object space 68608K, 19% used [0x0000000080000000,0x0000000080d250e8,0x0000000084300000)
 Metaspace       used 23106K, committed 24000K, reserved 1114112K
  class space    used 2365K, committed 2752K, reserved 1048576K
}
Event: 38.957 GC heap before
{Heap before GC invocations=10 (full 1):
 PSYoungGen      total 25088K, used 24807K [0x00000000d5580000, 0x00000000d7380000, 0x0000000100000000)
  eden space 24064K, 100% used [0x00000000d5580000,0x00000000d6d00000,0x00000000d6d00000)
  from space 1024K, 72% used [0x00000000d7280000,0x00000000d7339c50,0x00000000d7380000)
  to   space 2560K, 0% used [0x00000000d6e80000,0x00000000d6e80000,0x00000000d7100000)
 ParOldGen       total 68608K, used 13460K [0x0000000080000000, 0x0000000084300000, 0x00000000d5580000)
  object space 68608K, 19% used [0x0000000080000000,0x0000000080d250e8,0x0000000084300000)
 Metaspace       used 26670K, committed 27520K, reserved 1114112K
  class space    used 2663K, committed 3008K, reserved 1048576K
}
Event: 38.958 GC heap after
{Heap after GC invocations=10 (full 1):
 PSYoungGen      total 26112K, used 1047K [0x00000000d5580000, 0x00000000d7300000, 0x0000000100000000)
  eden space 23552K, 0% used [0x00000000d5580000,0x00000000d5580000,0x00000000d6c80000)
  from space 2560K, 40% used [0x00000000d6e80000,0x00000000d6f85ed8,0x00000000d7100000)
  to   space 1536K, 0% used [0x00000000d7180000,0x00000000d7180000,0x00000000d7300000)
 ParOldGen       total 68608K, used 13468K [0x0000000080000000, 0x0000000084300000, 0x00000000d5580000)
  object space 68608K, 19% used [0x0000000080000000,0x0000000080d270e8,0x0000000084300000)
 Metaspace       used 26670K, committed 27520K, reserved 1114112K
  class space    used 2663K, committed 3008K, reserved 1048576K
}
Event: 39.077 GC heap before
{Heap before GC invocations=11 (full 1):
 PSYoungGen      total 26112K, used 24599K [0x00000000d5580000, 0x00000000d7300000, 0x0000000100000000)
  eden space 23552K, 100% used [0x00000000d5580000,0x00000000d6c80000,0x00000000d6c80000)
  from space 2560K, 40% used [0x00000000d6e80000,0x00000000d6f85ed8,0x00000000d7100000)
  to   space 1536K, 0% used [0x00000000d7180000,0x00000000d7180000,0x00000000d7300000)
 ParOldGen       total 68608K, used 13468K [0x0000000080000000, 0x0000000084300000, 0x00000000d5580000)
  object space 68608K, 19% used [0x0000000080000000,0x0000000080d270e8,0x0000000084300000)
 Metaspace       used 28429K, committed 29376K, reserved 1114112K
  class space    used 2848K, committed 3264K, reserved 1048576K
}
Event: 39.079 GC heap after
{Heap after GC invocations=11 (full 1):
 PSYoungGen      total 24576K, used 1531K [0x00000000d5580000, 0x00000000d7300000, 0x0000000100000000)
  eden space 23040K, 0% used [0x00000000d5580000,0x00000000d5580000,0x00000000d6c00000)
  from space 1536K, 99% used [0x00000000d7180000,0x00000000d72feda0,0x00000000d7300000)
  to   space 3584K, 0% used [0x00000000d6c00000,0x00000000d6c00000,0x00000000d6f80000)
 ParOldGen       total 68608K, used 14844K [0x0000000080000000, 0x0000000084300000, 0x00000000d5580000)
  object space 68608K, 21% used [0x0000000080000000,0x0000000080e7f190,0x0000000084300000)
 Metaspace       used 28429K, committed 29376K, reserved 1114112K
  class space    used 2848K, committed 3264K, reserved 1048576K
}

Dll operation events (10 events):
Event: 0.021 Loaded shared library c:\Users\Lenovo\.antigravity-ide\extensions\redhat.java-1.55.0-win32-x64\jre\21.0.11-win32-x86_64\bin\java.dll
Event: 1.561 Loaded shared library c:\Users\Lenovo\.antigravity-ide\extensions\redhat.java-1.55.0-win32-x64\jre\21.0.11-win32-x86_64\bin\zip.dll
Event: 1.596 Loaded shared library C:\Users\Lenovo\.antigravity-ide\extensions\redhat.java-1.55.0-win32-x64\jre\21.0.11-win32-x86_64\bin\instrument.dll
Event: 1.605 Loaded shared library C:\Users\Lenovo\.antigravity-ide\extensions\redhat.java-1.55.0-win32-x64\jre\21.0.11-win32-x86_64\bin\net.dll
Event: 1.610 Loaded shared library C:\Users\Lenovo\.antigravity-ide\extensions\redhat.java-1.55.0-win32-x64\jre\21.0.11-win32-x86_64\bin\nio.dll
Event: 1.615 Loaded shared library C:\Users\Lenovo\.antigravity-ide\extensions\redhat.java-1.55.0-win32-x64\jre\21.0.11-win32-x86_64\bin\zip.dll
Event: 1.637 Loaded shared library C:\Users\Lenovo\.antigravity-ide\extensions\redhat.java-1.55.0-win32-x64\jre\21.0.11-win32-x86_64\bin\jimage.dll
Event: 1.863 Loaded shared library c:\Users\Lenovo\.antigravity-ide\extensions\redhat.java-1.55.0-win32-x64\jre\21.0.11-win32-x86_64\bin\verify.dll
Event: 13.273 Loaded shared library C:\Users\Lenovo\AppData\Roaming\Antigravity IDE\User\globalStorage\redhat.java\1.55.0\config_win\org.eclipse.equinox.launcher\org.eclipse.equinox.launcher.win32.win32.x86_64_1.3.100.v20260613-0559\eclipse_11924.dll
Event: 30.746 Loaded shared library C:\Users\Lenovo\AppData\Local\Temp\jna--2022488749\jna11956475753345857944.dll

Deoptimization events (20 events):
Event: 39.130 Thread 0x000001e0f20db760 Uncommon trap: trap_request=0xffffff45 fr.pc=0x000001e0dfe7b1a8 relative=0x0000000000000e28
Event: 39.130 Thread 0x000001e0f20db760 Uncommon trap: reason=unstable_if action=reinterpret pc=0x000001e0dfe7b1a8 method=java.util.Properties.loadConvert([CIILjava/lang/StringBuilder;)Ljava/lang/String; @ 463 c2
Event: 39.130 Thread 0x000001e0f20db760 DEOPT PACKING pc=0x000001e0dfe7b1a8 sp=0x0000003b195f81d0
Event: 39.130 Thread 0x000001e0f20db760 DEOPT UNPACKING pc=0x000001e0df7f3aa2 sp=0x0000003b195f81b0 mode 2
Event: 39.131 Thread 0x000001e0f20db760 DEOPT PACKING pc=0x000001e0d89b6426 sp=0x0000003b195f81a0
Event: 39.131 Thread 0x000001e0f20db760 DEOPT UNPACKING pc=0x000001e0df7f4242 sp=0x0000003b195f7698 mode 0
Event: 39.170 Thread 0x000001e0f20db760 DEOPT PACKING pc=0x000001e0d89b6426 sp=0x0000003b195f8ee0
Event: 39.170 Thread 0x000001e0f20db760 DEOPT UNPACKING pc=0x000001e0df7f4242 sp=0x0000003b195f83d8 mode 0
Event: 39.172 Thread 0x000001e0f20db760 DEOPT PACKING pc=0x000001e0d89b6426 sp=0x0000003b195f8ee0
Event: 39.172 Thread 0x000001e0f20db760 DEOPT UNPACKING pc=0x000001e0df7f4242 sp=0x0000003b195f83d8 mode 0
Event: 39.173 Thread 0x000001e0f20db760 DEOPT PACKING pc=0x000001e0d89b6426 sp=0x0000003b195f8ee0
Event: 39.173 Thread 0x000001e0f20db760 DEOPT UNPACKING pc=0x000001e0df7f4242 sp=0x0000003b195f83d8 mode 0
Event: 39.173 Thread 0x000001e0f20db760 DEOPT PACKING pc=0x000001e0d89b6426 sp=0x0000003b195f8ee0
Event: 39.173 Thread 0x000001e0f20db760 DEOPT UNPACKING pc=0x000001e0df7f4242 sp=0x0000003b195f83d8 mode 0
Event: 39.181 Thread 0x000001e0f20db760 DEOPT PACKING pc=0x000001e0d86e3e64 sp=0x0000003b195fad20
Event: 39.181 Thread 0x000001e0f20db760 DEOPT UNPACKING pc=0x000001e0df7f4242 sp=0x0000003b195fa2b8 mode 0
Event: 39.189 Thread 0x000001e0f2dbf700 Uncommon trap: trap_request=0xffffff45 fr.pc=0x000001e0dfdddbd0 relative=0x0000000000000890
Event: 39.189 Thread 0x000001e0f2dbf700 Uncommon trap: reason=unstable_if action=reinterpret pc=0x000001e0dfdddbd0 method=jdk.internal.org.objectweb.asm.SymbolTable.put(Ljdk/internal/org/objectweb/asm/SymbolTable$Entry;)Ljdk/internal/org/objectweb/asm/SymbolTable$Entry; @ 13 c2
Event: 39.189 Thread 0x000001e0f2dbf700 DEOPT PACKING pc=0x000001e0dfdddbd0 sp=0x0000003b19bfd430
Event: 39.189 Thread 0x000001e0f2dbf700 DEOPT UNPACKING pc=0x000001e0df7f3aa2 sp=0x0000003b19bfd348 mode 2

Classes loaded (20 events):
Event: 39.173 Loading class com/sun/org/apache/xerces/internal/impl/msg/XMLMessages_en
Event: 39.173 Loading class com/sun/org/apache/xerces/internal/impl/msg/XMLMessages_en done
Event: 39.173 Loading class com/sun/org/apache/xerces/internal/impl/msg/XMLMessages_en
Event: 39.173 Loading class com/sun/org/apache/xerces/internal/impl/msg/XMLMessages_en done
Event: 39.173 Loading class com/sun/org/apache/xerces/internal/impl/msg/XMLMessages_en_US
Event: 39.173 Loading class com/sun/org/apache/xerces/internal/impl/msg/XMLMessages_en_US done
Event: 39.173 Loading class com/sun/org/apache/xerces/internal/impl/msg/XMLMessages_en_US
Event: 39.173 Loading class com/sun/org/apache/xerces/internal/impl/msg/XMLMessages_en_US done
Event: 39.178 Loading class java/lang/Deprecated
Event: 39.179 Loading class java/lang/Deprecated done
Event: 39.192 Loading class java/net/SocketAddress
Event: 39.192 Loading class java/net/SocketAddress done
Event: 39.192 Loading class java/net/InetSocketAddress
Event: 39.192 Loading class java/net/InetSocketAddress done
Event: 39.192 Loading class java/nio/channels/AsynchronousByteChannel
Event: 39.192 Loading class java/nio/channels/AsynchronousChannel
Event: 39.192 Loading class java/nio/channels/AsynchronousChannel done
Event: 39.192 Loading class java/nio/channels/AsynchronousByteChannel done
Event: 39.192 Loading class java/net/Authenticator
Event: 39.192 Loading class java/net/Authenticator done

Classes unloaded (7 events):
Event: 37.503 Thread 0x000001e0d5114c00 Unloading class 0x000001e0811a8c00 'java/lang/invoke/LambdaForm$MH+0x000001e0811a8c00'
Event: 37.503 Thread 0x000001e0d5114c00 Unloading class 0x000001e0811a8800 'java/lang/invoke/LambdaForm$MH+0x000001e0811a8800'
Event: 37.503 Thread 0x000001e0d5114c00 Unloading class 0x000001e0811a8400 'java/lang/invoke/LambdaForm$MH+0x000001e0811a8400'
Event: 37.503 Thread 0x000001e0d5114c00 Unloading class 0x000001e0811a8000 'java/lang/invoke/LambdaForm$MH+0x000001e0811a8000'
Event: 37.503 Thread 0x000001e0d5114c00 Unloading class 0x000001e0811a7c00 'java/lang/invoke/LambdaForm$BMH+0x000001e0811a7c00'
Event: 37.503 Thread 0x000001e0d5114c00 Unloading class 0x000001e0811a7800 'java/lang/invoke/LambdaForm$DMH+0x000001e0811a7800'
Event: 37.503 Thread 0x000001e0d5114c00 Unloading class 0x000001e0811a6400 'java/lang/invoke/LambdaForm$DMH+0x000001e0811a6400'

Classes redefined (0 events):
No events

Internal exceptions (20 events):
Event: 38.933 Thread 0x000001e0f2dc17d0 Exception <a 'java/lang/NoSuchMethodError'{0x00000000d688ba68}: 'java.lang.Object java.lang.invoke.Invokers$Holder.invoke_MT(java.lang.Object, java.lang.Object, java.lang.Object, java.lang.Object, java.lang.Object, java.lang.Object, java.lang.Object, java.lang.Object, java.lang.Object)'> (0x00000000d688ba68) 
thrown [s\src\hotspot\share\interpreter\linkResolver.cpp, line 773]
Event: 38.937 Thread 0x000001e0f2dc17d0 Exception <a 'java/lang/NoSuchMethodError'{0x00000000d697dad0}: 'int java.lang.invoke.DirectMethodHandle$Holder.invokeVirtual(java.lang.Object, java.lang.Object, java.lang.Object)'> (0x00000000d697dad0) 
thrown [s\src\hotspot\share\interpreter\linkResolver.cpp, line 773]
Event: 38.938 Thread 0x000001e0f2dc17d0 Exception <a 'java/lang/NoSuchMethodError'{0x00000000d698a558}: 'int java.lang.invoke.DirectMethodHandle$Holder.invokeStaticInit(java.lang.Object, int, int)'> (0x00000000d698a558) 
thrown [s\src\hotspot\share\interpreter\linkResolver.cpp, line 773]
Event: 38.938 Thread 0x000001e0f2dc17d0 Exception <a 'java/lang/NoSuchMethodError'{0x00000000d6991850}: 'int java.lang.invoke.DirectMethodHandle$Holder.invokeStaticInit(java.lang.Object, long, long)'> (0x00000000d6991850) 
thrown [s\src\hotspot\share\interpreter\linkResolver.cpp, line 773]
Event: 38.939 Thread 0x000001e0f2dc17d0 Exception <a 'java/lang/NoSuchMethodError'{0x00000000d69a6dc0}: 'int java.lang.invoke.DirectMethodHandle$Holder.invokeStaticInit(java.lang.Object, float, float)'> (0x00000000d69a6dc0) 
thrown [s\src\hotspot\share\interpreter\linkResolver.cpp, line 773]
Event: 38.939 Thread 0x000001e0f2dc17d0 Exception <a 'java/lang/NoSuchMethodError'{0x00000000d69ad4a0}: 'int java.lang.invoke.DirectMethodHandle$Holder.invokeStaticInit(java.lang.Object, double, double)'> (0x00000000d69ad4a0) 
thrown [s\src\hotspot\share\interpreter\linkResolver.cpp, line 773]
Event: 38.939 Thread 0x000001e0f2dc17d0 Exception <a 'java/lang/NoSuchMethodError'{0x00000000d69b7738}: 'int java.lang.invoke.DirectMethodHandle$Holder.invokeStatic(java.lang.Object, long)'> (0x00000000d69b7738) 
thrown [s\src\hotspot\share\interpreter\linkResolver.cpp, line 773]
Event: 38.941 Thread 0x000001e0f2dc17d0 Exception <a 'java/lang/NoSuchMethodError'{0x00000000d6a605a8}: 'int java.lang.invoke.Invokers$Holder.linkToTargetMethod(java.lang.Object, java.lang.Object)'> (0x00000000d6a605a8) 
thrown [s\src\hotspot\share\interpreter\linkResolver.cpp, line 773]
Event: 38.942 Thread 0x000001e0f2dbf700 Implicit null exception at 0x000001e0dfeb3ebd to 0x000001e0dfeb3f32
Event: 38.942 Thread 0x000001e0f2dc17d0 Implicit null exception at 0x000001e0dfeb3ebd to 0x000001e0dfeb3f32
Event: 38.943 Thread 0x000001e0f2dc17d0 Exception <a 'java/lang/NoSuchMethodError'{0x00000000d6a7a668}: 'int java.lang.invoke.DirectMethodHandle$Holder.invokeSpecial(java.lang.Object, java.lang.Object, java.lang.Object, java.lang.Object)'> (0x00000000d6a7a668) 
thrown [s\src\hotspot\share\interpreter\linkResolver.cpp, line 773]
Event: 38.944 Thread 0x000001e0f2dc17d0 Exception <a 'java/lang/NoSuchMethodError'{0x00000000d6a924c0}: 'java.lang.Object java.lang.invoke.DirectMethodHandle$Holder.invokeStatic(java.lang.Object, int, java.lang.Object, java.lang.Object)'> (0x00000000d6a924c0) 
thrown [s\src\hotspot\share\interpreter\linkResolver.cpp, line 773]
Event: 38.944 Thread 0x000001e0f2dc17d0 Exception <a 'java/lang/NoSuchMethodError'{0x00000000d6a95ca0}: 'java.lang.Object java.lang.invoke.DelegatingMethodHandle$Holder.delegate(java.lang.Object, int, java.lang.Object, java.lang.Object)'> (0x00000000d6a95ca0) 
thrown [s\src\hotspot\share\interpreter\linkResolver.cpp, line 773]
Event: 38.946 Thread 0x000001e0f2dc17d0 Exception <a 'java/lang/NoSuchMethodError'{0x00000000d6ac36e8}: 'int java.lang.invoke.Invokers$Holder.linkToTargetMethod(java.lang.Object, java.lang.Object, java.lang.Object)'> (0x00000000d6ac36e8) 
thrown [s\src\hotspot\share\interpreter\linkResolver.cpp, line 773]
Event: 38.970 Thread 0x000001e0f2dbf700 Exception <a 'java/lang/NoSuchMethodError'{0x00000000d587fb88}: 'java.lang.Object java.lang.invoke.DirectMethodHandle$Holder.invokeSpecialIFC(java.lang.Object, java.lang.Object, java.lang.Object, java.lang.Object)'> (0x00000000d587fb88) 
thrown [s\src\hotspot\share\interpreter\linkResolver.cpp, line 773]
Event: 39.015 Thread 0x000001e0f20db760 Exception <a 'java/io/FileNotFoundException'{0x00000000d65e3298}> (0x00000000d65e3298) 
thrown [s\src\hotspot\share\prims\jni.cpp, line 520]
Event: 39.015 Thread 0x000001e0f20db760 Exception <a 'java/io/FileNotFoundException'{0x00000000d65e42d0}> (0x00000000d65e42d0) 
thrown [s\src\hotspot\share\prims\jni.cpp, line 520]
Event: 39.169 Thread 0x000001e0f20db760 Exception <a 'java/lang/ClassNotFoundException'{0x00000000d62e21e0}: com/sun/org/apache/xerces/internal/impl/msg/spi/DOMMessagesProvider> (0x00000000d62e21e0) 
thrown [s\src\hotspot\share\classfile\systemDictionary.cpp, line 313]
Event: 39.170 Thread 0x000001e0f20db760 Exception <a 'java/lang/ClassNotFoundException'{0x00000000d62f38f8}: com/sun/org/apache/xerces/internal/impl/msg/spi/XMLSerializerMessagesProvider> (0x00000000d62f38f8) 
thrown [s\src\hotspot\share\classfile\systemDictionary.cpp, line 313]
Event: 39.171 Thread 0x000001e0f20db760 Exception <a 'java/lang/ClassNotFoundException'{0x00000000d633c340}: com/sun/org/apache/xerces/internal/impl/msg/spi/XMLMessagesProvider> (0x00000000d633c340) 
thrown [s\src\hotspot\share\classfile\systemDictionary.cpp, line 313]

ZGC Phase Switch (0 events):
No events

VM Operations (20 events):
Event: 32.923 Executing safepoint VM operation: Cleanup
Event: 32.924 Executing safepoint VM operation: Cleanup done
Event: 36.949 Executing safepoint VM operation: Cleanup
Event: 36.996 Executing safepoint VM operation: Cleanup done
Event: 37.018 Executing safepoint VM operation: ParallelGCFailedAllocation (Allocation Failure)
Event: 37.026 Executing safepoint VM operation: ParallelGCFailedAllocation (Allocation Failure) done
Event: 37.493 Executing safepoint VM operation: CollectForMetadataAllocation (Metadata GC Threshold)
Event: 37.540 Executing safepoint VM operation: CollectForMetadataAllocation (Metadata GC Threshold) done
Event: 37.776 Executing safepoint VM operation: ParallelGCFailedAllocation (Allocation Failure)
Event: 37.777 Executing safepoint VM operation: ParallelGCFailedAllocation (Allocation Failure) done
Event: 38.778 Executing safepoint VM operation: Cleanup
Event: 38.929 Executing safepoint VM operation: Cleanup done
Event: 38.946 Executing non-safepoint VM operation: HandshakeAllThreads (Deoptimize)
Event: 38.946 Executing non-safepoint VM operation: HandshakeAllThreads (Deoptimize) done
Event: 38.957 Executing safepoint VM operation: ParallelGCFailedAllocation (Allocation Failure)
Event: 38.958 Executing safepoint VM operation: ParallelGCFailedAllocation (Allocation Failure) done
Event: 39.077 Executing safepoint VM operation: ParallelGCFailedAllocation (Allocation Failure)
Event: 39.079 Executing safepoint VM operation: ParallelGCFailedAllocation (Allocation Failure) done
Event: 40.079 Executing safepoint VM operation: Cleanup
Event: 40.080 Executing safepoint VM operation: Cleanup done

Memory protections (0 events):
No events

Nmethod flushes (0 events):
No events

Events (20 events):
Event: 1.463 Thread 0x000001e0d506f250 Thread added: 0x000001e0d511e460
Event: 1.463 Thread 0x000001e0d506f250 Thread added: 0x000001e0d5120420
Event: 1.463 Thread 0x000001e0d506f250 Thread added: 0x000001e0d512b7f0
Event: 1.463 Thread 0x000001e0d506f250 Thread added: 0x000001e0d512e550
Event: 1.463 Thread 0x000001e0d506f250 Thread added: 0x000001e0eceafb30
Event: 1.600 Thread 0x000001e0d506f250 Thread added: 0x000001e0ed0c65c0
Event: 1.961 Thread 0x000001e0d506f250 Thread added: 0x000001e0ed202fc0
Event: 4.021 Thread 0x000001e0d506f250 Thread added: 0x000001e0f24f7730
Event: 13.081 Thread 0x000001e0d506f250 Thread added: 0x000001e0f2510d00
Event: 13.114 Thread 0x000001e0f2510d00 Thread added: 0x000001e0ed1c3830
Event: 13.280 Thread 0x000001e0d506f250 Thread added: 0x000001e0f20db760
Event: 17.233 Thread 0x000001e0f20db760 Thread added: 0x000001e0f294fe60
Event: 26.791 Thread 0x000001e0f20db760 Thread added: 0x000001e0f297cbf0
Event: 28.262 Thread 0x000001e0f20db760 Thread added: 0x000001e0f21322a0
Event: 30.765 Thread 0x000001e0f20db760 Thread added: 0x000001e0f2dc0420
Event: 30.811 Thread 0x000001e0f20db760 Thread added: 0x000001e0f2dbf700
Event: 30.829 Thread 0x000001e0f20db760 Thread added: 0x000001e0f2dc17d0
Event: 38.929 Thread 0x000001e0f2dc17d0 Thread added: 0x000001e0f2dc1e60
Event: 39.181 Thread 0x000001e0f20db760 Thread added: 0x000001e0f2dc0ab0
Event: 39.181 Thread 0x000001e0f2dc1e60 Thread added: 0x000001e0f2dc24f0


Dynamic libraries:
0x00007ff7f3190000 - 0x00007ff7f319e000 	c:\Users\Lenovo\.antigravity-ide\extensions\redhat.java-1.55.0-win32-x64\jre\21.0.11-win32-x86_64\bin\java.exe
0x00007ff8fcf00000 - 0x00007ff8fd166000 	C:\WINDOWS\SYSTEM32\ntdll.dll
0x00007ff8fca30000 - 0x00007ff8fcaf9000 	C:\WINDOWS\System32\KERNEL32.DLL
0x00007ff8fa3b0000 - 0x00007ff8fa7ae000 	C:\WINDOWS\System32\KERNELBASE.dll
0x00007ff8fa250000 - 0x00007ff8fa39c000 	C:\WINDOWS\System32\ucrtbase.dll
0x00007ff8949f0000 - 0x00007ff894a08000 	c:\Users\Lenovo\.antigravity-ide\extensions\redhat.java-1.55.0-win32-x64\jre\21.0.11-win32-x86_64\bin\jli.dll
0x00007ff8fcb00000 - 0x00007ff8fccc7000 	C:\WINDOWS\System32\USER32.dll
0x00007ff8fa880000 - 0x00007ff8fa8a7000 	C:\WINDOWS\System32\win32u.dll
0x00007ff8fc200000 - 0x00007ff8fc22b000 	C:\WINDOWS\System32\GDI32.dll
0x00007ff8fa120000 - 0x00007ff8fa24a000 	C:\WINDOWS\System32\gdi32full.dll
0x00007ff884880000 - 0x00007ff88489e000 	c:\Users\Lenovo\.antigravity-ide\extensions\redhat.java-1.55.0-win32-x64\jre\21.0.11-win32-x86_64\bin\VCRUNTIME140.dll
0x00007ff8e8910000 - 0x00007ff8e8ba2000 	C:\WINDOWS\WinSxS\amd64_microsoft.windows.common-controls_6595b64144ccf1df_6.0.26100.8894_none_3e0f749ee32e02ea\COMCTL32.dll
0x00007ff8fa940000 - 0x00007ff8fa9e3000 	C:\WINDOWS\System32\msvcp_win.dll
0x00007ff8fb7c0000 - 0x00007ff8fb869000 	C:\WINDOWS\System32\msvcrt.dll
0x00007ff8fb8c0000 - 0x00007ff8fb8f2000 	C:\WINDOWS\System32\IMM32.DLL
0x00007ff8dc1e0000 - 0x00007ff8dc1ec000 	c:\Users\Lenovo\.antigravity-ide\extensions\redhat.java-1.55.0-win32-x64\jre\21.0.11-win32-x86_64\bin\vcruntime140_1.dll
0x00007fffd1390000 - 0x00007fffd141d000 	c:\Users\Lenovo\.antigravity-ide\extensions\redhat.java-1.55.0-win32-x64\jre\21.0.11-win32-x86_64\bin\msvcp140.dll
0x00007fffd0400000 - 0x00007fffd11a2000 	c:\Users\Lenovo\.antigravity-ide\extensions\redhat.java-1.55.0-win32-x64\jre\21.0.11-win32-x86_64\bin\server\jvm.dll
0x00007ff8fc970000 - 0x00007ff8fca27000 	C:\WINDOWS\System32\ADVAPI32.dll
0x00007ff8fb900000 - 0x00007ff8fb9aa000 	C:\WINDOWS\System32\sechost.dll
0x00007ff8fb6a0000 - 0x00007ff8fb7b8000 	C:\WINDOWS\System32\RPCRT4.dll
0x00007ff8fb610000 - 0x00007ff8fb690000 	C:\WINDOWS\System32\WS2_32.dll
0x00007ff8f9fa0000 - 0x00007ff8f9ffe000 	C:\WINDOWS\SYSTEM32\POWRPROF.dll
0x00007ff8f2d10000 - 0x00007ff8f2d1b000 	C:\WINDOWS\SYSTEM32\VERSION.dll
0x00007ff8f1c20000 - 0x00007ff8f1c56000 	C:\WINDOWS\SYSTEM32\WINMM.dll
0x00007ff8f9f80000 - 0x00007ff8f9f94000 	C:\WINDOWS\SYSTEM32\UMPDC.dll
0x00007ff8f8dd0000 - 0x00007ff8f8deb000 	C:\WINDOWS\SYSTEM32\kernel.appcore.dll
0x00007ff8da440000 - 0x00007ff8da44a000 	c:\Users\Lenovo\.antigravity-ide\extensions\redhat.java-1.55.0-win32-x64\jre\21.0.11-win32-x86_64\bin\jimage.dll
0x00007ff8ee180000 - 0x00007ff8ee3c2000 	C:\WINDOWS\SYSTEM32\DBGHELP.DLL
0x00007ff8fc5e0000 - 0x00007ff8fc963000 	C:\WINDOWS\System32\combase.dll
0x00007ff8fc2b0000 - 0x00007ff8fc389000 	C:\WINDOWS\System32\OLEAUT32.dll
0x00007ff8dc760000 - 0x00007ff8dc79b000 	C:\WINDOWS\SYSTEM32\dbgcore.DLL
0x00007ff8fab70000 - 0x00007ff8fac1c000 	C:\WINDOWS\System32\bcryptPrimitives.dll
0x00007ff8c3700000 - 0x00007ff8c370f000 	c:\Users\Lenovo\.antigravity-ide\extensions\redhat.java-1.55.0-win32-x64\jre\21.0.11-win32-x86_64\bin\instrument.dll
0x00007ff8244f0000 - 0x00007ff824510000 	c:\Users\Lenovo\.antigravity-ide\extensions\redhat.java-1.55.0-win32-x64\jre\21.0.11-win32-x86_64\bin\java.dll
0x00007ff8fba40000 - 0x00007ff8fc1d2000 	C:\WINDOWS\System32\SHELL32.dll
0x00007ff8f7ba0000 - 0x00007ff8f8432000 	C:\WINDOWS\SYSTEM32\windows.storage.dll
0x00007ff8fccd0000 - 0x00007ff8fcdc7000 	C:\WINDOWS\System32\SHCORE.dll
0x00007ff8fc390000 - 0x00007ff8fc3f7000 	C:\WINDOWS\System32\shlwapi.dll
0x00007ff8fa040000 - 0x00007ff8fa069000 	C:\WINDOWS\SYSTEM32\profapi.dll
0x00007ff822660000 - 0x00007ff822678000 	c:\Users\Lenovo\.antigravity-ide\extensions\redhat.java-1.55.0-win32-x64\jre\21.0.11-win32-x86_64\bin\zip.dll
0x00007ff8ce180000 - 0x00007ff8ce190000 	C:\Users\Lenovo\.antigravity-ide\extensions\redhat.java-1.55.0-win32-x64\jre\21.0.11-win32-x86_64\bin\net.dll
0x00007ff8f1900000 - 0x00007ff8f1a27000 	C:\WINDOWS\SYSTEM32\WINHTTP.dll
0x00007ff8f93b0000 - 0x00007ff8f941c000 	C:\WINDOWS\system32\mswsock.dll
0x00007ff866170000 - 0x00007ff866186000 	C:\Users\Lenovo\.antigravity-ide\extensions\redhat.java-1.55.0-win32-x64\jre\21.0.11-win32-x86_64\bin\nio.dll
0x00007ff8c3510000 - 0x00007ff8c3520000 	c:\Users\Lenovo\.antigravity-ide\extensions\redhat.java-1.55.0-win32-x64\jre\21.0.11-win32-x86_64\bin\verify.dll
0x00007fffda4a0000 - 0x00007fffda4e5000 	C:\Users\Lenovo\AppData\Roaming\Antigravity IDE\User\globalStorage\redhat.java\1.55.0\config_win\org.eclipse.equinox.launcher\org.eclipse.equinox.launcher.win32.win32.x86_64_1.3.100.v20260613-0559\eclipse_11924.dll
0x00007ff8faf20000 - 0x00007ff8fb0b9000 	C:\WINDOWS\System32\ole32.dll
0x00007ff8f96b0000 - 0x00007ff8f96cb000 	C:\WINDOWS\SYSTEM32\CRYPTSP.dll
0x00007ff8f8d30000 - 0x00007ff8f8d69000 	C:\WINDOWS\system32\rsaenh.dll
0x00007ff8f9470000 - 0x00007ff8f94a2000 	C:\WINDOWS\SYSTEM32\USERENV.dll
0x00007ff8fa010000 - 0x00007ff8fa03a000 	C:\WINDOWS\SYSTEM32\bcrypt.dll
0x00007ff8f96d0000 - 0x00007ff8f96dc000 	C:\WINDOWS\SYSTEM32\CRYPTBASE.dll
0x00007ff8f8770000 - 0x00007ff8f87a3000 	C:\WINDOWS\SYSTEM32\IPHLPAPI.DLL
0x00007ff8fad30000 - 0x00007ff8fad3a000 	C:\WINDOWS\System32\NSI.dll
0x00007ff8c3b40000 - 0x00007ff8c3b89000 	C:\Users\Lenovo\AppData\Local\Temp\jna--2022488749\jna11956475753345857944.dll
0x00007ff8fce60000 - 0x00007ff8fce68000 	C:\WINDOWS\System32\PSAPI.DLL

JVMTI agents:
c:\Users\Lenovo\.antigravity-ide\extensions\redhat.java-1.55.0-win32-x64\lombok\lombok-1.18.39-4050.jar path:c:\Users\Lenovo\.antigravity-ide\extensions\redhat.java-1.55.0-win32-x64\jre\21.0.11-win32-x86_64\bin\instrument.dll, loaded, initialized, instrumentlib options:none

dbghelp: loaded successfully - version: 4.0.5 - missing functions: none
symbol engine: initialized successfully - sym options: 0x614 - pdb path: .;c:\Users\Lenovo\.antigravity-ide\extensions\redhat.java-1.55.0-win32-x64\jre\21.0.11-win32-x86_64\bin;C:\WINDOWS\SYSTEM32;C:\WINDOWS\WinSxS\amd64_microsoft.windows.common-controls_6595b64144ccf1df_6.0.26100.8894_none_3e0f749ee32e02ea;c:\Users\Lenovo\.antigravity-ide\extensions\redhat.java-1.55.0-win32-x64\jre\21.0.11-win32-x86_64\bin\server;C:\Users\Lenovo\AppData\Roaming\Antigravity IDE\User\globalStorage\redhat.java\1.55.0\config_win\org.eclipse.equinox.launcher\org.eclipse.equinox.launcher.win32.win32.x86_64_1.3.100.v20260613-0559;C:\Users\Lenovo\AppData\Local\Temp\jna--2022488749

VM Arguments:
jvm_args: --add-modules=ALL-SYSTEM --add-opens=java.base/java.util=ALL-UNNAMED --add-opens=java.base/java.lang=ALL-UNNAMED --add-opens=java.base/sun.nio.fs=ALL-UNNAMED -Declipse.application=org.eclipse.jdt.ls.core.id1 -Dosgi.bundles.defaultStartLevel=4 -Declipse.product=org.eclipse.jdt.ls.core.product -Djava.import.generatesMetadataFilesAtProjectRoot=false -DDetectVMInstallationsJob.disabled=true -Dfile.encoding=utf8 -XX:+UseParallelGC -XX:GCTimeRatio=4 -XX:AdaptiveSizePolicyWeight=90 -Dsun.zip.disableMemoryMapping=true -Xmx2G -Xms100m -Xlog:disable -javaagent:c:\Users\Lenovo\.antigravity-ide\extensions\redhat.java-1.55.0-win32-x64\lombok\lombok-1.18.39-4050.jar -XX:+HeapDumpOnOutOfMemoryError -XX:HeapDumpPath=c:\Users\Lenovo\AppData\Roaming\Antigravity IDE\User\workspaceStorage\9a7a021437b039b343bf36ecf9a83c66\redhat.java -Daether.dependencyCollector.impl=bf 
java_command: c:\Users\Lenovo\.antigravity-ide\extensions\redhat.java-1.55.0-win32-x64\server\plugins\org.eclipse.equinox.launcher_1.7.200.v20260619-2039.jar -configuration c:\Users\Lenovo\AppData\Roaming\Antigravity IDE\User\globalStorage\redhat.java\1.55.0\config_win -data c:\Users\Lenovo\AppData\Roaming\Antigravity IDE\User\workspaceStorage\9a7a021437b039b343bf36ecf9a83c66\redhat.java\jdt_ws --pipe=\\.\pipe\lsp-bde91975d2d0c1dffc5dbd083716582b-sock
java_class_path (initial): c:\Users\Lenovo\.antigravity-ide\extensions\redhat.java-1.55.0-win32-x64\server\plugins\org.eclipse.equinox.launcher_1.7.200.v20260619-2039.jar
Launcher Type: SUN_STANDARD

[Global flags]
    uintx AdaptiveSizePolicyWeight                 = 90                                        {product} {command line}
     intx CICompilerCount                          = 4                                         {product} {ergonomic}
    uintx GCTimeRatio                              = 4                                         {product} {command line}
     bool HeapDumpOnOutOfMemoryError               = true                                   {manageable} {command line}
    ccstr HeapDumpPath                             = c:\Users\Lenovo\AppData\Roaming\Antigravity IDE\User\workspaceStorage\9a7a021437b039b343bf36ecf9a83c66\redhat.java         {manageable} {command line}
   size_t InitialHeapSize                          = 104857600                                 {product} {command line}
   size_t MaxHeapSize                              = 2147483648                                {product} {command line}
   size_t MaxNewSize                               = 715653120                                 {product} {ergonomic}
   size_t MinHeapDeltaBytes                        = 524288                                    {product} {ergonomic}
   size_t MinHeapSize                              = 104857600                                 {product} {command line}
   size_t NewSize                                  = 34603008                                  {product} {ergonomic}
    uintx NonNMethodCodeHeapSize                   = 5839372                                {pd product} {ergonomic}
    uintx NonProfiledCodeHeapSize                  = 122909434                              {pd product} {ergonomic}
   size_t OldSize                                  = 70254592                                  {product} {ergonomic}
    uintx ProfiledCodeHeapSize                     = 122909434                              {pd product} {ergonomic}
    uintx ReservedCodeCacheSize                    = 251658240                              {pd product} {ergonomic}
     bool SegmentedCodeCache                       = true                                      {product} {ergonomic}
   size_t SoftMaxHeapSize                          = 2147483648                             {manageable} {ergonomic}
     bool UseCompressedOops                        = true                           {product lp64_product} {ergonomic}
     bool UseLargePagesIndividualAllocation        = false                                  {pd product} {ergonomic}
     bool UseParallelGC                            = true                                      {product} {command line}

Logging:
Log output configuration:
 #0: stdout all=off uptime,level,tags foldmultilines=false
 #1: stderr all=off uptime,level,tags foldmultilines=false

Release file:
JAVA_VERSION="21.0.11" 
MODULES="java.base java.compiler java.datatransfer java.xml java.prefs java.desktop java.instrument java.logging java.management java.security.sasl java.naming java.rmi java.management.rmi java.net.http java.scripting java.security.jgss java.transaction.xa java.sql java.sql.rowset java.xml.crypto java.se java.smartcardio jdk.accessibility jdk.internal.jvmstat jdk.attach jdk.charsets jdk.internal.opt jdk.zipfs jdk.compiler jdk.crypto.ec jdk.crypto.cryptoki jdk.crypto.mscapi jdk.dynalink jdk.internal.ed jdk.editpad jdk.hotspot.agent jdk.httpserver jdk.internal.le jdk.internal.vm.ci jdk.internal.vm.compiler jdk.internal.vm.compiler.management jdk.jartool jdk.javadoc jdk.jcmd jdk.management jdk.management.agent jdk.jconsole jdk.jdeps jdk.jdwp.agent jdk.jdi jdk.jfr jdk.jshell jdk.jsobject jdk.jstatd jdk.localedata jdk.management.jfr jdk.naming.dns jdk.naming.rmi jdk.net jdk.nio.mapmode jdk.random jdk.sctp jdk.security.auth jdk.security.jgss jdk.unsupported jdk.unsupported.desktop jdk.xml.dom" 

Environment Variables:
JAVA_HOME=C:\sdk\jdk-21.0.6
PATH=C:\Windows\system32;C:\Windows;C:\Windows\System32\Wbem;C:\Windows\System32\WindowsPowerShell\v1.0\;C:\Windows\System32\OpenSSH\;C:\sdk\jdk-21.0.6\bin;C:\Users\Lenovo\AppData\Local\Android\Sdk;C:\gradle-8.5\bin;C:\Program Files\nodejs\;C:\Program Files\nodejs\node_modules\npm;C:\MinGW\bin;C:\Program Files\Git\cmd;C:\Users\Lenovo\AppData\Local\Android\Sdk\platform-tools;C:\mingw64\mingw64\bin;D:\Levython-main\bin;C:\Program Files\Levython;C:\Program Files\OpenSSL-Win64\bin;;C:\Program Files\Levython\bin;C:\WINDOWS\system32;C:\WINDOWS;C:\WINDOWS\System32\Wbem;C:\WINDOWS\System32\WindowsPowerShell\v1.0\;C:\WINDOWS\System32\OpenSSH\;C:\Program Files (x86)\Microsoft SQL Server\170\Tools\Binn\;C:\Program Files\Microsoft SQL Server\170\Tools\Binn\;C:\Program Files\Microsoft SQL Server\Client SDK\ODBC\180\Tools\Binn\;C:\Program Files\Microsoft SQL Server\170\DTS\Binn\;C:\Program Files (x86)\Microsoft SQL Server\160\Tools\Binn\;C:\Program Files\Microsoft SQL Server\160\Tools\Binn\;C:\Program Files\Microsoft SQL Server\Client SDK\ODBC\170\Tools\Binn\;C:\Program Files\Microsoft SQL Server\160\DTS\Binn\;C:\Program Files (x86)\Microsoft SQL Server\160\DTS\Binn\;C:\Program Files\Docker\Docker\resources\bin;C:\Users\Lenovo\AppData\Local\Programs\Python\Python311\Scripts\;C:\Users\Lenovo\AppData\Local\Programs\Python\Python311\;C:\Users\Lenovo\AppData\Local\Programs\Python\Python314\Scripts\;C:\Users\Lenovo\AppData\Local\Programs\Python\Python314\;C:\Program Files\MySQL\MySQL Shell 8.0\bin\;C:\Users\Lenovo\AppData\Local\Microsoft\WindowsApps;C:\flutter\bin;C:\Users\Lenovo\AppData\Local\Programs\Microsoft VS Code\bin;C:\Users\Lenovo\AppData\Local\Android\Sdk;C:\gradle-8.5\bin;C:\Users\Lenovo\AppData\Roaming\npm;C:\Program Files\nodejs\node_modules\npm;C:\flutter;C:\MinGW\bin;C:\Users\Lenovo\AppData\Local\Programs\cursor\resources\app\bin;C:\Users\Lenovo\AppData\Local\Programs\Warp\bin;C:\Users\Lenovo\AppData\Local\Programs\Antigravity\bin;C:\mingw64\mingw64\bin;C:\Program Files\OpenSSL-Win64\bin;;C:\Users\Lenovo\AppData\Local\Microsoft\WindowsApps;C:\Users\Lenovo\.bun\bin;C:\Users\Lenovo\AppData\Local\Programs\Antigravity IDE\bin;C:\Users\Lenovo\AppData\Local\Microsoft\WinGet\Packages\Ngrok.Ngrok_Microsoft.Winget.Source_8wekyb3d8bbwe;
USERNAME=Lenovo
OS=Windows_NT
PROCESSOR_IDENTIFIER=AMD64 Family 25 Model 80 Stepping 0, AuthenticAMD
TMP=C:\Users\Lenovo\AppData\Local\Temp
TEMP=C:\Users\Lenovo\AppData\Local\Temp




Periodic native trim disabled

---------------  S Y S T E M  ---------------

OS:
 Windows 11 , 64 bit Build 26100 (10.0.26100.8875)
OS uptime: 0 days 6:20 hours
Hyper-V role detected

CPU: total 12 (initial active 12) (12 cores per cpu, 2 threads per core) family 25 model 80 stepping 0 microcode 0xa50000d, cx8, cmov, fxsr, ht, mmx, 3dnowpref, sse, sse2, sse3, ssse3, sse4a, sse4.1, sse4.2, popcnt, lzcnt, tsc, tscinvbit, avx, avx2, aes, erms, clmul, bmi1, bmi2, adx, sha, fma, vzeroupper, clflush, clflushopt, hv, rdtscp, rdpid, fsrm, f16c, cet_ss
Processor Information for processor 0
  Max Mhz: 3301, Current Mhz: 2630, Mhz Limit: 3301
Processor Information for processor 1
  Max Mhz: 3301, Current Mhz: 2630, Mhz Limit: 3301
Processor Information for processor 2
  Max Mhz: 3301, Current Mhz: 2630, Mhz Limit: 3301
Processor Information for processor 3
  Max Mhz: 3301, Current Mhz: 2630, Mhz Limit: 3301
Processor Information for processor 4
  Max Mhz: 3301, Current Mhz: 3301, Mhz Limit: 3301
Processor Information for processor 5
  Max Mhz: 3301, Current Mhz: 3301, Mhz Limit: 3301
Processor Information for processor 6
  Max Mhz: 3301, Current Mhz: 3301, Mhz Limit: 3301
Processor Information for processor 7
  Max Mhz: 3301, Current Mhz: 2630, Mhz Limit: 3301
Processor Information for processor 8
  Max Mhz: 3301, Current Mhz: 2630, Mhz Limit: 3301
Processor Information for processor 9
  Max Mhz: 3301, Current Mhz: 2630, Mhz Limit: 3301
Processor Information for processor 10
  Max Mhz: 3301, Current Mhz: 3301, Mhz Limit: 3301
Processor Information for processor 11
  Max Mhz: 3301, Current Mhz: 2630, Mhz Limit: 3301

Memory: 4k page, system-wide physical 5996M (86M free)
TotalPageFile size 24428M (AvailPageFile size 11M)
current process WorkingSet (physical memory assigned to process): 151M, peak: 153M
current process commit charge ("private bytes"): 296M, peak: 300M

vm_info: OpenJDK 64-Bit Server VM (21.0.11+10-LTS) for windows-amd64 JRE (21.0.11+10-LTS), built on 2026-04-21T00:00:00Z by "admin" with MS VC++ 17.12 (VS2022)

END.
