node : (node:26384) ExperimentalWarning: VM Modules is an experimental feature and might change at any time
At line:1 char:1
+ node --experimental-vm-modules node_modules/jest/bin/jest.js > test-r ...
+ ~~~~~~~~~~~~~~~~~~~~~~~~~~~~~~~~~~~~~~~~~~~~~~~~~~~~~~~~~~~~~~~~~~~~~
    + CategoryInfo          : NotSpecified: ((node:26384) Ex...nge at any time:String) [], RemoteException
    + FullyQualifiedErrorId : NativeCommandError
 
(Use `node --trace-warnings ...` to show where the warning was created)
(node:4532) ExperimentalWarning: VM Modules is an experimental feature and might change at any time
(Use `node --trace-warnings ...` to show where the warning was created)
(node:28304) ExperimentalWarning: VM Modules is an experimental feature and might change at any time
(Use `node --trace-warnings ...` to show where the warning was created)
(node:29768) ExperimentalWarning: VM Modules is an experimental feature and might change at any time
(Use `node --trace-warnings ...` to show where the warning was created)
(node:19404) ExperimentalWarning: VM Modules is an experimental feature and might change at any time
(Use `node --trace-warnings ...` to show where the warning was created)
(node:10176) ExperimentalWarning: VM Modules is an experimental feature and might change at any time
(Use `node --trace-warnings ...` to show where the warning was created)
(node:27684) ExperimentalWarning: VM Modules is an experimental feature and might change at any time
(Use `node --trace-warnings ...` to show where the warning was created)
(node:3232) ExperimentalWarning: VM Modules is an experimental feature and might change at any time
(Use `node --trace-warnings ...` to show where the warning was created)
(node:12584) ExperimentalWarning: VM Modules is an experimental feature and might change at any time
(Use `node --trace-warnings ...` to show where the warning was created)
(node:5864) ExperimentalWarning: VM Modules is an experimental feature and might change at any time
(Use `node --trace-warnings ...` to show where the warning was created)
PASS src/tests/studentRepository.test.js
(node:30648) ExperimentalWarning: VM Modules is an experimental feature and might change at any time
(Use `node --trace-warnings ...` to show where the warning was created)
(node:10664) ExperimentalWarning: VM Modules is an experimental feature and might change at any time
(Use `node --trace-warnings ...` to show where the warning was created)
(node:17060) ExperimentalWarning: VM Modules is an experimental feature and might change at any time
(Use `node --trace-warnings ...` to show where the warning was created)
(node:20968) ExperimentalWarning: VM Modules is an experimental feature and might change at any time
(Use `node --trace-warnings ...` to show where the warning was created)
PASS src/tests/auditRepository.test.js
(node:25108) ExperimentalWarning: VM Modules is an experimental feature and might change at any time
(Use `node --trace-warnings ...` to show where the warning was created)
(node:15424) ExperimentalWarning: VM Modules is an experimental feature and might change at any time
(Use `node --trace-warnings ...` to show where the warning was created)
(node:30648) [MONGOOSE] Warning: mongoose: the `new` option for `findOneAndUpdate()` and `findOneAndReplace()` is 
deprecated. Use `returnDocument: 'after'` instead.
PASS src/tests/PaymentService.test.js (5.282 s)
  ΓùÅ Console

    console.log
      2026-06-29 03:23:49 [31merror[39m: Error: OverΓÇæpayment not allowed
          at Function.createPayment (E:\Sunrise Connect\backend\src\services\PaymentService.js:26:32)
          at processTicksAndRejections (node:internal/process/task_queues:105:5)
          at Object.<anonymous> (E:\Sunrise Connect\backend\src\tests\PaymentService.test.js:58:7)

      at Console.log (node_modules/winston/lib/winston/transports/console.js:87:23)

    console.log
      2026-06-29 03:23:49 [31merror[39m: Error: Payment not found
          at Function.reversePayment (E:\Sunrise Connect\backend\src\services\PaymentService.js:145:27)
          at processTicksAndRejections (node:internal/process/task_queues:105:5)
          at Object.<anonymous> (E:\Sunrise Connect\backend\src\tests\PaymentService.test.js:84:7)

      at Console.log (node_modules/winston/lib/winston/transports/console.js:87:23)

    console.log
      2026-06-29 03:23:49 [31merror[39m: Error: Cannot reverse a reversal
          at Function.reversePayment (E:\Sunrise Connect\backend\src\services\PaymentService.js:146:37)
          at processTicksAndRejections (node:internal/process/task_queues:105:5)
          at Object.<anonymous> (E:\Sunrise Connect\backend\src\tests\PaymentService.test.js:92:7)

      at Console.log (node_modules/winston/lib/winston/transports/console.js:87:23)

PASS src/tests/LedgerService.test.js (5.407 s)
  ΓùÅ Console

    console.log
      2026-06-29 03:23:49 [31merror[39m: Error: OverΓÇæpayment not allowed
          at Function.addPayment (E:\Sunrise Connect\backend\src\services\LedgerService.js:56:32)
          at processTicksAndRejections (node:internal/process/task_queues:105:5)
          at Object.<anonymous> (E:\Sunrise Connect\backend\src\tests\LedgerService.test.js:79:7)

      at Console.log (node_modules/winston/lib/winston/transports/console.js:87:23)

    console.log
      2026-06-29 03:23:49 [31merror[39m: Error: Concession exceeds remaining amount
          at Function.applyConcession (E:\Sunrise Connect\backend\src\services\LedgerService.js:93:32)
          at processTicksAndRejections (node:internal/process/task_queues:105:5)
          at Object.<anonymous> (E:\Sunrise Connect\backend\src\tests\LedgerService.test.js:103:7)

      at Console.log (node_modules/winston/lib/winston/transports/console.js:87:23)

    console.log
      2026-06-29 03:23:49 [31merror[39m: Error: Ledger not fully settled
          at Function.markAsPaid (E:\Sunrise Connect\backend\src\services\LedgerService.js:127:34)
          at processTicksAndRejections (node:internal/process/task_queues:105:5)
          at Object.<anonymous> (E:\Sunrise Connect\backend\src\tests\LedgerService.test.js:122:7)

      at Console.log (node_modules/winston/lib/winston/transports/console.js:87:23)

(node:30648) [MONGOOSE] Warning: mongoose: the `new` option for `findOneAndUpdate()` and `findOneAndReplace()` is 
deprecated. Use `returnDocument: 'after'` instead.
PASS src/tests/student.routes.test.js (5.397 s)
  ΓùÅ Console

    console.log
      2026-06-29 03:23:49 [32minfo[39m: GET /api/v1/students

      at Console.log (node_modules/winston/lib/winston/transports/console.js:87:23)

    console.log
      2026-06-29 03:23:49 [32minfo[39m: GET /api/v1/students

      at Console.log (node_modules/winston/lib/winston/transports/console.js:87:23)

    console.log
      2026-06-29 03:23:49 [32minfo[39m: POST /api/v1/students

      at Console.log (node_modules/winston/lib/winston/transports/console.js:87:23)

    console.log
      2026-06-29 03:23:49 [33mwarn[39m: Validation error

      at Console.log (node_modules/winston/lib/winston/transports/console.js:87:23)

    console.log
      2026-06-29 03:23:49 [32minfo[39m: POST /api/v1/students

      at Console.log (node_modules/winston/lib/winston/transports/console.js:87:23)

    console.log
      2026-06-29 03:23:49 [32minfo[39m: GET /api/v1/students

      at Console.log (node_modules/winston/lib/winston/transports/console.js:87:23)

(node:30648) [MONGOOSE] Warning: mongoose: the `new` option for `findOneAndUpdate()` and `findOneAndReplace()` is 
deprecated. Use `returnDocument: 'after'` instead.
(node:30648) [MONGOOSE] Warning: mongoose: the `new` option for `findOneAndUpdate()` and `findOneAndReplace()` is 
deprecated. Use `returnDocument: 'after'` instead.
(node:22224) ExperimentalWarning: VM Modules is an experimental feature and might change at any time
(Use `node --trace-warnings ...` to show where the warning was created)
PASS src/tests/parent.routes.test.js (5.675 s)
  ΓùÅ Console

    console.log
      2026-06-29 03:23:49 [32minfo[39m: GET /api/v1/parents

      at Console.log (node_modules/winston/lib/winston/transports/console.js:87:23)

    console.log
      2026-06-29 03:23:49 [32minfo[39m: GET /api/v1/parents

      at Console.log (node_modules/winston/lib/winston/transports/console.js:87:23)

    console.log
      2026-06-29 03:23:49 [32minfo[39m: POST /api/v1/parents

      at Console.log (node_modules/winston/lib/winston/transports/console.js:87:23)

    console.log
      2026-06-29 03:23:49 [33mwarn[39m: Validation error

      at Console.log (node_modules/winston/lib/winston/transports/console.js:87:23)

    console.log
      2026-06-29 03:23:49 [32minfo[39m: POST /api/v1/parents

      at Console.log (node_modules/winston/lib/winston/transports/console.js:87:23)

    console.log
      2026-06-29 03:23:49 [33mwarn[39m: Validation error

      at Console.log (node_modules/winston/lib/winston/transports/console.js:87:23)

    console.log
      2026-06-29 03:23:49 [32minfo[39m: POST /api/v1/parents

      at Console.log (node_modules/winston/lib/winston/transports/console.js:87:23)

    console.log
      2026-06-29 03:23:49 [32minfo[39m: GET /api/v1/parents

      at Console.log (node_modules/winston/lib/winston/transports/console.js:87:23)

    console.log
      2026-06-29 03:23:49 [32minfo[39m: GET /api/v1/parents/p1

      at Console.log (node_modules/winston/lib/winston/transports/console.js:87:23)

    console.log
      2026-06-29 03:23:49 [32minfo[39m: GET /api/v1/parents/p1

      at Console.log (node_modules/winston/lib/winston/transports/console.js:87:23)

    console.log
      2026-06-29 03:23:49 [32minfo[39m: POST /api/v1/parents/reset-password

      at Console.log (node_modules/winston/lib/winston/transports/console.js:87:23)

    console.log
      2026-06-29 03:23:49 [32minfo[39m: POST /api/v1/parents/reset-password

      at Console.log (node_modules/winston/lib/winston/transports/console.js:87:23)

PASS src/tests/migration.routes.test.js (6.077 s)
  ΓùÅ Console

    console.log
      2026-06-29 03:23:50 [32minfo[39m: POST /api/v1/migration/parents

      at Console.log (node_modules/winston/lib/winston/transports/console.js:87:23)

    console.log
      2026-06-29 03:23:50 [32minfo[39m: POST /api/v1/migration/parents

      at Console.log (node_modules/winston/lib/winston/transports/console.js:87:23)

PASS src/tests/ParentService.test.js (6.047 s)
PASS src/tests/feeStructure.routes.test.js (6.273 s)
  ΓùÅ Console

    console.log
      2026-06-29 03:23:49 [32minfo[39m: GET /api/v1/fee-structures

      at Console.log (node_modules/winston/lib/winston/transports/console.js:87:23)

    console.log
      2026-06-29 03:23:50 [32minfo[39m: PUT /api/v1/fee-structures/6a4197ee48ac4ca77aa482c3

      at Console.log (node_modules/winston/lib/winston/transports/console.js:87:23)

    console.log
      2026-06-29 03:23:50 [32minfo[39m: PUT /api/v1/fee-structures/6a4197ee48ac4ca77aa482c4

      at Console.log (node_modules/winston/lib/winston/transports/console.js:87:23)

    console.log
      2026-06-29 03:23:50 [33mwarn[39m: Validation error

      at Console.log (node_modules/winston/lib/winston/transports/console.js:87:23)

    console.log
      2026-06-29 03:23:50 [32minfo[39m: PUT /api/v1/fee-structures/000000000000000000000001

      at Console.log (node_modules/winston/lib/winston/transports/console.js:87:23)

    console.log
      2026-06-29 03:23:50 [32minfo[39m: PUT /api/v1/fee-structures/transport/6a4197ee48ac4ca77aa482c5

      at Console.log (node_modules/winston/lib/winston/transports/console.js:87:23)

    console.log
      2026-06-29 03:23:50 [32minfo[39m: PUT /api/v1/fee-structures/transport/6a4197ee48ac4ca77aa482c6

      at Console.log (node_modules/winston/lib/winston/transports/console.js:87:23)

    console.log
      2026-06-29 03:23:50 [33mwarn[39m: Validation error

      at Console.log (node_modules/winston/lib/winston/transports/console.js:87:23)

    console.log
      2026-06-29 03:23:50 [32minfo[39m: PUT /api/v1/fee-structures/transport/000000000000000000000002

      at Console.log (node_modules/winston/lib/winston/transports/console.js:87:23)

FAIL src/tests/studentExcelImport.test.js (6.453 s)
  ΓùÅ Console

    console.log
      2026-06-29 03:23:50 [32minfo[39m: [createStudent] transportStartMonth in data: undefined | in studentData: 
undefined

      at Console.log (node_modules/winston/lib/winston/transports/console.js:87:23)

    console.log
      2026-06-29 03:23:50 [32minfo[39m: [createStudent] student saved: transportStartMonth=null, transportType=None

      at Console.log (node_modules/winston/lib/winston/transports/console.js:87:23)

    console.log
      2026-06-29 03:23:50 [31merror[39m: MongoServerError: E11000 duplicate key error collection: test.feecategories 
index: name_1 dup key: { name: "Bag & Kit" }
          at InsertOneOperation.handleOk (E:\Sunrise 
Connect\backend\node_modules\mongodb\src\operations\insert.ts:79:13)
          at executeOperationWithRetries (E:\Sunrise 
Connect\backend\node_modules\mongodb\src\operations\execute_operation.ts:267:26)
          at processTicksAndRejections (node:internal/process/task_queues:105:5)
          at executeOperation (E:\Sunrise 
Connect\backend\node_modules\mongodb\src\operations\execute_operation.ts:127:12)
          at Collection.insertOne (E:\Sunrise Connect\backend\node_modules\mongodb\src\collection.ts:294:12)
          at model.$__save (E:\Sunrise Connect\backend\node_modules\mongoose\lib\model.js:434:16)
          at maybeTracedSave (E:\Sunrise Connect\backend\node_modules\mongoose\lib\model.js:675:7)
          at E:\Sunrise Connect\backend\node_modules\mongoose\lib\model.js:2832:9
          at async Promise.all (index 0)
          at Function.create (E:\Sunrise Connect\backend\node_modules\mongoose\lib\model.js:2817:11)
          at async Promise.all (index 4)
          at Function.createStudent (E:\Sunrise Connect\backend\src\services\StudentService.js:220:53)
          at Object.<anonymous> (E:\Sunrise Connect\backend\src\tests\studentExcelImport.test.js:62:21)

      at Console.log (node_modules/winston/lib/winston/transports/console.js:87:23)

    console.log
      2026-06-29 03:23:50 [32minfo[39m: [createStudent] transportStartMonth in data: undefined | in studentData: 
undefined

      at Console.log (node_modules/winston/lib/winston/transports/console.js:87:23)

    console.log
      2026-06-29 03:23:50 [32minfo[39m: [createStudent] student saved: transportStartMonth=null, transportType=None

      at Console.log (node_modules/winston/lib/winston/transports/console.js:87:23)

    console.log
      2026-06-29 03:23:50 [31merror[39m: MongoServerError: E11000 duplicate key error collection: test.feecategories 
index: name_1 dup key: { name: "Bag & Kit" }
          at InsertOneOperation.handleOk (E:\Sunrise 
Connect\backend\node_modules\mongodb\src\operations\insert.ts:79:13)
          at executeOperationWithRetries (E:\Sunrise 
Connect\backend\node_modules\mongodb\src\operations\execute_operation.ts:267:26)
          at processTicksAndRejections (node:internal/process/task_queues:105:5)
          at executeOperation (E:\Sunrise 
Connect\backend\node_modules\mongodb\src\operations\execute_operation.ts:127:12)
          at Collection.insertOne (E:\Sunrise Connect\backend\node_modules\mongodb\src\collection.ts:294:12)
          at model.$__save (E:\Sunrise Connect\backend\node_modules\mongoose\lib\model.js:434:16)
          at maybeTracedSave (E:\Sunrise Connect\backend\node_modules\mongoose\lib\model.js:675:7)
          at E:\Sunrise Connect\backend\node_modules\mongoose\lib\model.js:2832:9
          at async Promise.all (index 0)
          at Function.create (E:\Sunrise Connect\backend\node_modules\mongoose\lib\model.js:2817:11)
          at async Promise.all (index 4)
          at Function.createStudent (E:\Sunrise Connect\backend\src\services\StudentService.js:220:53)
          at Function.importStudents (E:\Sunrise Connect\backend\src\services\StudentService.js:1505:25)
          at Object.<anonymous> (E:\Sunrise Connect\backend\src\tests\studentExcelImport.test.js:150:20)

      at Console.log (node_modules/winston/lib/winston/transports/console.js:87:23)

  ΓùÅ Student excel import multi-year fee generation tests ΓÇ║ generates multi-year fees with range parsing and 
entry-year only one-time fees

    MongoServerError: E11000 duplicate key error collection: test.feecategories index: name_1 dup key: { name: "Bag & 
Kit" }

    [0m [90m 218 |[39m           [36mreturn[39m 
mongoose[33m.[39mmodel([32m'FeeCategory'[39m)[33m.[39mcreate([{ name[33m:[39m defaultName[33m,[39m 
type[33m,[39m description[33m,[39m isActive[33m:[39m [36mtrue[39m }][33m,[39m { session })[33m.[39mthen(d 
[33m=>[39m d[[35m0[39m])[33m;[39m
     [90m 219 |[39m         }[33m;[39m
    [31m[1m>[22m[39m[90m 220 |[39m         [36mconst[39m [edCat[33m,[39m trCat[33m,[39m tmCat[33m,[39m 
adCat[33m,[39m bkCat] [33m=[39m [36mawait[39m [33mPromise[39m[33m.[39mall([
     [90m     |[39m                                                     [31m[1m^[22m[39m
     [90m 221 |[39m           ensureCategory(educationCategory[33m,[39m [32m'Education Fees'[39m[33m,[39m 
[32m'EDUCATION'[39m[33m,[39m [32m'Standard monthly education fee'[39m)[33m,[39m
     [90m 222 |[39m           ensureCategory(transportCategory[33m,[39m [32m'Transport Fees'[39m[33m,[39m 
[32m'TRANSPORT'[39m[33m,[39m [32m'Monthly transport fee'[39m)[33m,[39m
     [90m 223 |[39m           ensureCategory(termCategory[33m,[39m [32m'Term Fees'[39m[33m,[39m 
[32m'TERM'[39m[33m,[39m [32m'Bi-annual term fee'[39m)[33m,[39m[0m

      at InsertOneOperation.handleOk (node_modules/mongodb/src/operations/insert.ts:79:13)
      at executeOperationWithRetries (node_modules/mongodb/src/operations/execute_operation.ts:267:26)
      at executeOperation (node_modules/mongodb/src/operations/execute_operation.ts:127:12)
      at Collection.insertOne (node_modules/mongodb/src/collection.ts:294:12)
      at model.$__save (node_modules/mongoose/lib/model.js:434:16)
      at maybeTracedSave (node_modules/mongoose/lib/model.js:675:7)
      at node_modules/mongoose/lib/model.js:2832:9
          at async Promise.all (index 0)
      at Function.create (node_modules/mongoose/lib/model.js:2817:11)
          at async Promise.all (index 4)
      at Function.createStudent (src/services/StudentService.js:220:53)
      at Object.<anonymous> (src/tests/studentExcelImport.test.js:62:21)

  ΓùÅ Student excel import multi-year fee generation tests ΓÇ║ correctly handles parent mobile numbers with floating 
point suffix from Excel

    expect(received).toBe(expected) // Object.is equality

    Expected: 1
    Received: 0

    [0m [90m 149 |[39m
     [90m 150 |[39m     [36mconst[39m result [33m=[39m [36mawait[39m 
[33mStudentService[39m[33m.[39mimportStudents(importData)[33m;[39m
    [31m[1m>[22m[39m[90m 151 |[39m     
expect(result[33m.[39msuccessCount)[33m.[39mtoBe([35m1[39m)[33m;[39m
     [90m     |[39m                                 [31m[1m^[22m[39m
     [90m 152 |[39m     expect(result[33m.[39mfailCount)[33m.[39mtoBe([35m0[39m)[33m;[39m
     [90m 153 |[39m     
expect(result[33m.[39mresults[[35m0[39m][33m.[39mstatus)[33m.[39mtoBe([32m'success'[39m)[33m;[39m
     [90m 154 |[39m[0m

      at Object.<anonymous> (src/tests/studentExcelImport.test.js:151:33)

PASS src/tests/dashboard.routes.test.js (6.617 s)
  ΓùÅ Console

    console.log
      2026-06-29 03:23:50 [32minfo[39m: GET /api/v1/dashboard/system

      at Console.log (node_modules/winston/lib/winston/transports/console.js:87:23)

    console.log
      2026-06-29 03:23:51 [32minfo[39m: GET /api/v1/dashboard/system

      at Console.log (node_modules/winston/lib/winston/transports/console.js:87:23)

    console.log
      2026-06-29 03:23:51 [32minfo[39m: GET /api/v1/dashboard/parent/testuser

      at Console.log (node_modules/winston/lib/winston/transports/console.js:87:23)

PASS src/tests/payment.routes.test.js (6.654 s)
  ΓùÅ Console

    console.log
      2026-06-29 03:23:50 [32minfo[39m: POST /api/v1/payments

      at Console.log (node_modules/winston/lib/winston/transports/console.js:87:23)

    console.log
      2026-06-29 03:23:50 [32minfo[39m: POST /api/v1/payments

      at Console.log (node_modules/winston/lib/winston/transports/console.js:87:23)

    console.log
      2026-06-29 03:23:50 [32minfo[39m: POST /api/v1/payments

      at Console.log (node_modules/winston/lib/winston/transports/console.js:87:23)

    console.log
      2026-06-29 03:23:50 [33mwarn[39m: Validation error

      at Console.log (node_modules/winston/lib/winston/transports/console.js:87:23)

    console.log
      2026-06-29 03:23:50 [32minfo[39m: POST /api/v1/payments

      at Console.log (node_modules/winston/lib/winston/transports/console.js:87:23)

    console.log
      2026-06-29 03:23:50 [32minfo[39m: POST /api/v1/payments

      at Console.log (node_modules/winston/lib/winston/transports/console.js:87:23)

    console.log
      2026-06-29 03:23:50 [32minfo[39m: POST /api/v1/payments

      at Console.log (node_modules/winston/lib/winston/transports/console.js:87:23)

    console.log
      2026-06-29 03:23:50 [32minfo[39m: POST /api/v1/payments/pay1/reverse

      at Console.log (node_modules/winston/lib/winston/transports/console.js:87:23)

    console.log
      2026-06-29 03:23:50 [32minfo[39m: POST /api/v1/payments/pay1/reverse

      at Console.log (node_modules/winston/lib/winston/transports/console.js:87:23)

    console.log
      2026-06-29 03:23:50 [32minfo[39m: GET /api/v1/payments

      at Console.log (node_modules/winston/lib/winston/transports/console.js:87:23)

PASS src/tests/audit.routes.test.js (6.696 s)
  ΓùÅ Console

    console.log
      2026-06-29 03:23:51 [32minfo[39m: GET /api/v1/audit

      at Console.log (node_modules/winston/lib/winston/transports/console.js:87:23)

    console.log
      2026-06-29 03:23:51 [32minfo[39m: GET /api/v1/audit

      at Console.log (node_modules/winston/lib/winston/transports/console.js:87:23)

PASS src/tests/auth.routes.test.js (6.807 s)
  ΓùÅ Console

    console.log
      2026-06-29 03:23:50 [32minfo[39m: POST /api/v1/auth/portal/login

      at Console.log (node_modules/winston/lib/winston/transports/console.js:87:23)

    console.log
      2026-06-29 03:23:50 [33mwarn[39m: Validation error

      at Console.log (node_modules/winston/lib/winston/transports/console.js:87:23)

    console.log
      2026-06-29 03:23:50 [32minfo[39m: POST /api/v1/auth/portal/login

      at Console.log (node_modules/winston/lib/winston/transports/console.js:87:23)

    console.log
      2026-06-29 03:23:50 [33mwarn[39m: Validation error

      at Console.log (node_modules/winston/lib/winston/transports/console.js:87:23)

    console.log
      2026-06-29 03:23:50 [32minfo[39m: POST /api/v1/auth/portal/login

      at Console.log (node_modules/winston/lib/winston/transports/console.js:87:23)

    console.log
      2026-06-29 03:23:51 [32minfo[39m: POST /api/v1/auth/portal/login

      at Console.log (node_modules/winston/lib/winston/transports/console.js:87:23)

    console.log
      2026-06-29 03:23:51 [32minfo[39m: POST /api/v1/auth/parent/verify

      at Console.log (node_modules/winston/lib/winston/transports/console.js:87:23)

    console.log
      2026-06-29 03:23:51 [33mwarn[39m: Validation error

      at Console.log (node_modules/winston/lib/winston/transports/console.js:87:23)

    console.log
      2026-06-29 03:23:51 [32minfo[39m: POST /api/v1/auth/parent/verify

      at Console.log (node_modules/winston/lib/winston/transports/console.js:87:23)

    console.log
      2026-06-29 03:23:51 [33mwarn[39m: Validation error

      at Console.log (node_modules/winston/lib/winston/transports/console.js:87:23)

    console.log
      2026-06-29 03:23:51 [32minfo[39m: POST /api/v1/auth/parent/verify

      at Console.log (node_modules/winston/lib/winston/transports/console.js:87:23)

    console.log
      2026-06-29 03:23:51 [32minfo[39m: POST /api/v1/auth/refresh

      at Console.log (node_modules/winston/lib/winston/transports/console.js:87:23)

    console.log
      2026-06-29 03:23:51 [33mwarn[39m: Validation error

      at Console.log (node_modules/winston/lib/winston/transports/console.js:87:23)

    console.log
      2026-06-29 03:23:51 [32minfo[39m: POST /api/v1/auth/refresh

      at Console.log (node_modules/winston/lib/winston/transports/console.js:87:23)

    console.log
      2026-06-29 03:23:51 [33mwarn[39m: Validation error

      at Console.log (node_modules/winston/lib/winston/transports/console.js:87:23)

    console.log
      2026-06-29 03:23:51 [32minfo[39m: POST /api/v1/auth/logout

      at Console.log (node_modules/winston/lib/winston/transports/console.js:87:23)

    console.log
      2026-06-29 03:23:51 [32minfo[39m: POST /api/v1/auth/logout-all

      at Console.log (node_modules/winston/lib/winston/transports/console.js:87:23)

PASS src/tests/transportAndPaymentsBatch.test.js (6.989 s)
  ΓùÅ Console

    console.log
      2026-06-29 03:23:49 [32minfo[39m: [createStudent] transportStartMonth in data: undefined | in studentData: 
undefined

      at Console.log (node_modules/winston/lib/winston/transports/console.js:87:23)

    console.log
      2026-06-29 03:23:49 [32minfo[39m: [createStudent] student saved: transportStartMonth=null, 
transportType=Railnagar

      at Console.log (node_modules/winston/lib/winston/transports/console.js:87:23)

    console.log
      2026-06-29 03:23:49 [32minfo[39m: [createStudent] ledger loop: transportStartMonth=June 
(student.transportStartMonth=null)

      at Console.log (node_modules/winston/lib/winston/transports/console.js:87:23)

    console.log
      2026-06-29 03:23:49 [32minfo[39m: [createStudent] transportStartMonth in data: undefined | in studentData: 
undefined

      at Console.log (node_modules/winston/lib/winston/transports/console.js:87:23)

    console.log
      2026-06-29 03:23:49 [32minfo[39m: [createStudent] student saved: transportStartMonth=null, transportType=None

      at Console.log (node_modules/winston/lib/winston/transports/console.js:87:23)

    console.log
      2026-06-29 03:23:50 [32minfo[39m: [createStudent] transportStartMonth in data: undefined | in studentData: 
undefined

      at Console.log (node_modules/winston/lib/winston/transports/console.js:87:23)

    console.log
      2026-06-29 03:23:50 [32minfo[39m: [createStudent] student saved: transportStartMonth=null, transportType=None

      at Console.log (node_modules/winston/lib/winston/transports/console.js:87:23)

    console.log
      2026-06-29 03:23:50 [32minfo[39m: [createStudent] transportStartMonth in data: undefined | in studentData: 
undefined

      at Console.log (node_modules/winston/lib/winston/transports/console.js:87:23)

    console.log
      2026-06-29 03:23:50 [32minfo[39m: [createStudent] student saved: transportStartMonth=null, transportType=None

      at Console.log (node_modules/winston/lib/winston/transports/console.js:87:23)

    console.log
      2026-06-29 03:23:50 [32minfo[39m: [createStudent] transportStartMonth in data: undefined | in studentData: 
undefined

      at Console.log (node_modules/winston/lib/winston/transports/console.js:87:23)

    console.log
      2026-06-29 03:23:50 [32minfo[39m: [createStudent] student saved: transportStartMonth=null, transportType=None

      at Console.log (node_modules/winston/lib/winston/transports/console.js:87:23)

    console.error
      TEST ERROR CAPTURED: AppError: You do not have permission to view this student
          at E:\Sunrise Connect\backend\src\controllers\StudentController.js:29:13
          at processTicksAndRejections (node:internal/process/task_queues:105:5)
          at Object.<anonymous> (E:\Sunrise Connect\backend\src\tests\transportAndPaymentsBatch.test.js:303:7) {
        statusCode: 403,
        isOperational: true
      }

    [0m [90m 254 |[39m     [36mconst[39m mockNext [33m=[39m (expectedErrText) [33m=>[39m 
jest[33m.[39mfn((err) [33m=>[39m {
     [90m 255 |[39m       [36mif[39m (err) {
    [31m[1m>[22m[39m[90m 256 |[39m         console[33m.[39merror([32m'TEST ERROR CAPTURED:'[39m[33m,[39m 
err)[33m;[39m
     [90m     |[39m                 [31m[1m^[22m[39m
     [90m 257 |[39m         [36mif[39m (expectedErrText) {
     [90m 258 |[39m           expect(err[33m.[39mmessage)[33m.[39mtoContain(expectedErrText)[33m;[39m
     [90m 259 |[39m         } [36melse[39m {[0m

      at src/tests/transportAndPaymentsBatch.test.js:256:17
      at Object.<anonymous> (src/tests/transportAndPaymentsBatch.test.js:303:7)

    console.log
      2026-06-29 03:23:50 [32minfo[39m: [createStudent] transportStartMonth in data: undefined | in studentData: 
undefined

      at Console.log (node_modules/winston/lib/winston/transports/console.js:87:23)

    console.log
      2026-06-29 03:23:50 [32minfo[39m: [createStudent] student saved: transportStartMonth=null, transportType=None

      at Console.log (node_modules/winston/lib/winston/transports/console.js:87:23)

    console.log
      2026-06-29 03:23:50 [32minfo[39m: [createStudent] transportStartMonth in data: undefined | in studentData: 
undefined

      at Console.log (node_modules/winston/lib/winston/transports/console.js:87:23)

    console.log
      2026-06-29 03:23:50 [32minfo[39m: [createStudent] student saved: transportStartMonth=null, transportType=None

      at Console.log (node_modules/winston/lib/winston/transports/console.js:87:23)

    console.log
      2026-06-29 03:23:51 [32minfo[39m: [createStudent] transportStartMonth in data: undefined | in studentData: 
undefined

      at Console.log (node_modules/winston/lib/winston/transports/console.js:87:23)

    console.log
      2026-06-29 03:23:51 [32minfo[39m: [createStudent] student saved: transportStartMonth=null, transportType=None

      at Console.log (node_modules/winston/lib/winston/transports/console.js:87:23)

    console.error
      TEST ERROR CAPTURED: AppError: You do not have permission to pay for this ledger
          at E:\Sunrise Connect\backend\src\controllers\PaymentController.js:16:27
          at processTicksAndRejections (node:internal/process/task_queues:105:5)
          at Object.<anonymous> (E:\Sunrise Connect\backend\src\tests\transportAndPaymentsBatch.test.js:342:7) {
        statusCode: 403,
        isOperational: true
      }

    [0m [90m 254 |[39m     [36mconst[39m mockNext [33m=[39m (expectedErrText) [33m=>[39m 
jest[33m.[39mfn((err) [33m=>[39m {
     [90m 255 |[39m       [36mif[39m (err) {
    [31m[1m>[22m[39m[90m 256 |[39m         console[33m.[39merror([32m'TEST ERROR CAPTURED:'[39m[33m,[39m 
err)[33m;[39m
     [90m     |[39m                 [31m[1m^[22m[39m
     [90m 257 |[39m         [36mif[39m (expectedErrText) {
     [90m 258 |[39m           expect(err[33m.[39mmessage)[33m.[39mtoContain(expectedErrText)[33m;[39m
     [90m 259 |[39m         } [36melse[39m {[0m

      at src/tests/transportAndPaymentsBatch.test.js:256:17
      at Object.<anonymous> (src/tests/transportAndPaymentsBatch.test.js:342:7)

PASS src/tests/ledger.routes.test.js (7.031 s)
  ΓùÅ Console

    console.log
      2026-06-29 03:23:51 [32minfo[39m: GET /api/v1/ledgers

      at Console.log (node_modules/winston/lib/winston/transports/console.js:87:23)

    console.log
      2026-06-29 03:23:51 [32minfo[39m: POST /api/v1/ledgers/ledger123/concession

      at Console.log (node_modules/winston/lib/winston/transports/console.js:87:23)

    console.log
      2026-06-29 03:23:51 [32minfo[39m: POST /api/v1/ledgers/ledger123/concession

      at Console.log (node_modules/winston/lib/winston/transports/console.js:87:23)

    console.log
      2026-06-29 03:23:51 [32minfo[39m: GET /api/v1/ledgers

      at Console.log (node_modules/winston/lib/winston/transports/console.js:87:23)

PASS src/tests/paymentRepository.test.js
PASS src/tests/studentPromotion.test.js (7.603 s)
  ΓùÅ Console

    console.log
      2026-06-29 03:23:49 [32minfo[39m: [createStudent] transportStartMonth in data: undefined | in studentData: 
undefined

      at Console.log (node_modules/winston/lib/winston/transports/console.js:87:23)

    console.log
      2026-06-29 03:23:49 [32minfo[39m: [createStudent] student saved: transportStartMonth=null, transportType=None

      at Console.log (node_modules/winston/lib/winston/transports/console.js:87:23)

    console.log
      2026-06-29 03:23:50 [32minfo[39m: [createStudent] transportStartMonth in data: December | in studentData: 
December

      at Console.log (node_modules/winston/lib/winston/transports/console.js:87:23)

    console.log
      2026-06-29 03:23:50 [32minfo[39m: [createStudent] student saved: transportStartMonth=December, 
transportType=Railnagar

      at Console.log (node_modules/winston/lib/winston/transports/console.js:87:23)

    console.log
      2026-06-29 03:23:50 [32minfo[39m: [createStudent] ledger loop: transportStartMonth=December 
(student.transportStartMonth=December)

      at Console.log (node_modules/winston/lib/winston/transports/console.js:87:23)

    console.log
      2026-06-29 03:23:50 [32minfo[39m: [createStudent] transportStartMonth in data: undefined | in studentData: 
undefined

      at Console.log (node_modules/winston/lib/winston/transports/console.js:87:23)

    console.log
      2026-06-29 03:23:50 [32minfo[39m: [createStudent] student saved: transportStartMonth=null, transportType=None

      at Console.log (node_modules/winston/lib/winston/transports/console.js:87:23)

    console.log
      2026-06-29 03:23:51 [32minfo[39m: [createStudent] transportStartMonth in data: undefined | in studentData: 
undefined

      at Console.log (node_modules/winston/lib/winston/transports/console.js:87:23)

    console.log
      2026-06-29 03:23:51 [32minfo[39m: [createStudent] student saved: transportStartMonth=null, transportType=None

      at Console.log (node_modules/winston/lib/winston/transports/console.js:87:23)

    console.log
      2026-06-29 03:23:52 [31merror[39m: Error: No active fee structure found for standard 2 (English medium) in 
academic year 2025-26
          at Function._generateLedgersForAcademicYear (E:\Sunrise 
Connect\backend\src\services\StudentService.js:1021:15)
          at processTicksAndRejections (node:internal/process/task_queues:105:5)
          at Object.<anonymous> (E:\Sunrise Connect\backend\src\tests\studentPromotion.test.js:390:5)

      at Console.log (node_modules/winston/lib/winston/transports/console.js:87:23)

PASS src/tests/parentRepository.test.js
PASS src/tests/ledgerRepository.test.js
A worker process has failed to exit gracefully and has been force exited. This is likely caused by tests leaking due 
to improper teardown. Try running with --detectOpenHandles to find leaks. Active timers can also cause this, ensure 
that .unref() was called on them.

Test Suites: 1 failed, 19 passed, 20 total
Tests:       2 failed, 118 passed, 120 total
Snapshots:   0 total
Time:        8.804 s
Ran all test suites.
